Archive member included to satisfy reference by file (symbol)

/opt/STM32Workbench/plugins/fr.ac6.mcu.externaltools.arm-none.linux64_1.17.0.201812190825/tools/compiler/bin/../lib/gcc/arm-none-eabi/7.3.1/thumb/v7e-m/fpv4-sp/hard/libgcc.a(_aeabi_uldivmod.o)
                              Drivers/STM32F4xx_HAL_Driver/Src/stm32f4xx_hal_rcc.o (__aeabi_uldivmod)
/opt/STM32Workbench/plugins/fr.ac6.mcu.externaltools.arm-none.linux64_1.17.0.201812190825/tools/compiler/bin/../lib/gcc/arm-none-eabi/7.3.1/thumb/v7e-m/fpv4-sp/hard/libgcc.a(_udivmoddi4.o)
                              /opt/STM32Workbench/plugins/fr.ac6.mcu.externaltools.arm-none.linux64_1.17.0.201812190825/tools/compiler/bin/../lib/gcc/arm-none-eabi/7.3.1/thumb/v7e-m/fpv4-sp/hard/libgcc.a(_aeabi_uldivmod.o) (__udivmoddi4)
/opt/STM32Workbench/plugins/fr.ac6.mcu.externaltools.arm-none.linux64_1.17.0.201812190825/tools/compiler/bin/../lib/gcc/arm-none-eabi/7.3.1/thumb/v7e-m/fpv4-sp/hard/libgcc.a(_dvmd_tls.o)
                              /opt/STM32Workbench/plugins/fr.ac6.mcu.externaltools.arm-none.linux64_1.17.0.201812190825/tools/compiler/bin/../lib/gcc/arm-none-eabi/7.3.1/thumb/v7e-m/fpv4-sp/hard/libgcc.a(_aeabi_uldivmod.o) (__aeabi_ldiv0)
/opt/STM32Workbench/plugins/fr.ac6.mcu.externaltools.arm-none.linux64_1.17.0.201812190825/tools/compiler/bin/../lib/gcc/arm-none-eabi/7.3.1/../../../../arm-none-eabi/lib/thumb/v7e-m/fpv4-sp/hard/libc_nano.a(lib_a-errno.o)
                              Core/Src/syscalls.o (__errno)
/opt/STM32Workbench/plugins/fr.ac6.mcu.externaltools.arm-none.linux64_1.17.0.201812190825/tools/compiler/bin/../lib/gcc/arm-none-eabi/7.3.1/../../../../arm-none-eabi/lib/thumb/v7e-m/fpv4-sp/hard/libc_nano.a(lib_a-exit.o)
                              /opt/STM32Workbench/plugins/fr.ac6.mcu.externaltools.arm-none.linux64_1.17.0.201812190825/tools/compiler/bin/../lib/gcc/arm-none-eabi/7.3.1/../../../../arm-none-eabi/lib/thumb/v7e-m/fpv4-sp/hard/crt0.o (exit)
/opt/STM32Workbench/plugins/fr.ac6.mcu.externaltools.arm-none.linux64_1.17.0.201812190825/tools/compiler/bin/../lib/gcc/arm-none-eabi/7.3.1/../../../../arm-none-eabi/lib/thumb/v7e-m/fpv4-sp/hard/libc_nano.a(lib_a-impure.o)
                              /opt/STM32Workbench/plugins/fr.ac6.mcu.externaltools.arm-none.linux64_1.17.0.201812190825/tools/compiler/bin/../lib/gcc/arm-none-eabi/7.3.1/../../../../arm-none-eabi/lib/thumb/v7e-m/fpv4-sp/hard/libc_nano.a(lib_a-exit.o) (_global_impure_ptr)
/opt/STM32Workbench/plugins/fr.ac6.mcu.externaltools.arm-none.linux64_1.17.0.201812190825/tools/compiler/bin/../lib/gcc/arm-none-eabi/7.3.1/../../../../arm-none-eabi/lib/thumb/v7e-m/fpv4-sp/hard/libc_nano.a(lib_a-init.o)
                              /opt/STM32Workbench/plugins/fr.ac6.mcu.externaltools.arm-none.linux64_1.17.0.201812190825/tools/compiler/bin/../lib/gcc/arm-none-eabi/7.3.1/../../../../arm-none-eabi/lib/thumb/v7e-m/fpv4-sp/hard/crt0.o (__libc_init_array)
/opt/STM32Workbench/plugins/fr.ac6.mcu.externaltools.arm-none.linux64_1.17.0.201812190825/tools/compiler/bin/../lib/gcc/arm-none-eabi/7.3.1/../../../../arm-none-eabi/lib/thumb/v7e-m/fpv4-sp/hard/libc_nano.a(lib_a-memset.o)
                              /opt/STM32Workbench/plugins/fr.ac6.mcu.externaltools.arm-none.linux64_1.17.0.201812190825/tools/compiler/bin/../lib/gcc/arm-none-eabi/7.3.1/../../../../arm-none-eabi/lib/thumb/v7e-m/fpv4-sp/hard/crt0.o (memset)
/opt/STM32Workbench/plugins/fr.ac6.mcu.externaltools.arm-none.linux64_1.17.0.201812190825/tools/compiler/bin/../lib/gcc/arm-none-eabi/7.3.1/../../../../arm-none-eabi/lib/thumb/v7e-m/fpv4-sp/hard/libc_nano.a(lib_a-printf.o)
                              Core/Src/main.o (printf)
/opt/STM32Workbench/plugins/fr.ac6.mcu.externaltools.arm-none.linux64_1.17.0.201812190825/tools/compiler/bin/../lib/gcc/arm-none-eabi/7.3.1/../../../../arm-none-eabi/lib/thumb/v7e-m/fpv4-sp/hard/libc_nano.a(lib_a-putchar.o)
                              Core/Src/main.o (putchar)
/opt/STM32Workbench/plugins/fr.ac6.mcu.externaltools.arm-none.linux64_1.17.0.201812190825/tools/compiler/bin/../lib/gcc/arm-none-eabi/7.3.1/../../../../arm-none-eabi/lib/thumb/v7e-m/fpv4-sp/hard/libc_nano.a(lib_a-puts.o)
                              Core/Src/main.o (puts)
/opt/STM32Workbench/plugins/fr.ac6.mcu.externaltools.arm-none.linux64_1.17.0.201812190825/tools/compiler/bin/../lib/gcc/arm-none-eabi/7.3.1/../../../../arm-none-eabi/lib/thumb/v7e-m/fpv4-sp/hard/libc_nano.a(lib_a-wbuf.o)
                              /opt/STM32Workbench/plugins/fr.ac6.mcu.externaltools.arm-none.linux64_1.17.0.201812190825/tools/compiler/bin/../lib/gcc/arm-none-eabi/7.3.1/../../../../arm-none-eabi/lib/thumb/v7e-m/fpv4-sp/hard/libc_nano.a(lib_a-puts.o) (__swbuf_r)
/opt/STM32Workbench/plugins/fr.ac6.mcu.externaltools.arm-none.linux64_1.17.0.201812190825/tools/compiler/bin/../lib/gcc/arm-none-eabi/7.3.1/../../../../arm-none-eabi/lib/thumb/v7e-m/fpv4-sp/hard/libc_nano.a(lib_a-wsetup.o)
[...]
Memory Configuration

Name             Origin             Length             Attributes
RAM              0x0000000020000000 0x0000000000018000 xrw
FLASH            0x0000000008000000 0x0000000000080000 xr
*default*        0x0000000000000000 0xffffffffffffffff

Linker script and memory map

LOAD /opt/STM32Workbench/plugins/fr.ac6.mcu.externaltools.arm-none.linux64_1.17.0.201812190825/tools/compiler/bin/../lib/gcc/arm-none-eabi/7.3.1/thumb/v7e-m/fpv4-sp/hard/crti.o
LOAD /opt/STM32Workbench/plugins/fr.ac6.mcu.externaltools.arm-none.linux64_1.17.0.201812190825/tools/compiler/bin/../lib/gcc/arm-none-eabi/7.3.1/thumb/v7e-m/fpv4-sp/hard/crtbegin.o
LOAD /opt/STM32Workbench/plugins/fr.ac6.mcu.externaltools.arm-none.linux64_1.17.0.201812190825/tools/compiler/bin/../lib/gcc/arm-none-eabi/7.3.1/../../../../arm-none-eabi/lib/thumb/v7e-m/fpv4-sp/hard/crt0.o
LOAD Core/Src/main.o
LOAD Core/Src/stm32f4xx_hal_msp.o
LOAD Core/Src/stm32f4xx_it.o
LOAD Core/Src/syscalls.o
LOAD Core/Src/system_stm32f4xx.o
LOAD Drivers/STM32F4xx_HAL_Driver/Src/stm32f4xx_hal.o
LOAD Drivers/STM32F4xx_HAL_Driver/Src/stm32f4xx_hal_cortex.o
LOAD Drivers/STM32F4xx_HAL_Driver/Src/stm32f4xx_hal_crc.o
LOAD Drivers/STM32F4xx_HAL_Driver/Src/stm32f4xx_hal_dma.o
LOAD Drivers/STM32F4xx_HAL_Driver/Src/stm32f4xx_hal_dma_ex.o
LOAD Drivers/STM32F4xx_HAL_Driver/Src/stm32f4xx_hal_exti.o
LOAD Drivers/STM32F4xx_HAL_Driver/Src/stm32f4xx_hal_flash.o
LOAD Drivers/STM32F4xx_HAL_Driver/Src/stm32f4xx_hal_flash_ex.o
LOAD Drivers/STM32F4xx_HAL_Driver/Src/stm32f4xx_hal_flash_ramfunc.o
LOAD Drivers/STM32F4xx_HAL_Driver/Src/stm32f4xx_hal_gpio.o
LOAD Drivers/STM32F4xx_HAL_Driver/Src/stm32f4xx_hal_pwr.o
LOAD Drivers/STM32F4xx_HAL_Driver/Src/stm32f4xx_hal_pwr_ex.o
LOAD Drivers/STM32F4xx_HAL_Driver/Src/stm32f4xx_hal_rcc.o
LOAD Drivers/STM32F4xx_HAL_Driver/Src/stm32f4xx_hal_rcc_ex.o
LOAD Drivers/STM32F4xx_HAL_Driver/Src/stm32f4xx_hal_spi.o
LOAD Drivers/STM32F4xx_HAL_Driver/Src/stm32f4xx_hal_tim.o
LOAD Drivers/STM32F4xx_HAL_Driver/Src/stm32f4xx_hal_tim_ex.o
LOAD Drivers/STM32F4xx_HAL_Driver/Src/stm32f4xx_hal_uart.o
LOAD startup/startup_stm32f401xe.o
LOAD /opt/STM32Workbench/plugins/fr.ac6.mcu.externaltools.arm-none.linux64_1.17.0.201812190825/tools/compiler/bin/../lib/gcc/arm-none-eabi/7.3.1/../../../../arm-none-eabi/lib/thumb/v7e-m/fpv4-sp/hard/libm.a
START GROUP
LOAD /opt/STM32Workbench/plugins/fr.ac6.mcu.externaltools.arm-none.linux64_1.17.0.201812190825/tools/compiler/bin/../lib/gcc/arm-none-eabi/7.3.1/thumb/v7e-m/fpv4-sp/hard/libgcc.a
LOAD /opt/STM32Workbench/plugins/fr.ac6.mcu.externaltools.arm-none.linux64_1.17.0.201812190825/tools/compiler/bin/../lib/gcc/arm-none-eabi/7.3.1/../../../../arm-none-eabi/lib/thumb/v7e-m/fpv4-sp/hard/libc_nano.a
END GROUP
START GROUP
LOAD /opt/STM32Workbench/plugins/fr.ac6.mcu.externaltools.arm-none.linux64_1.17.0.201812190825/tools/compiler/bin/../lib/gcc/arm-none-eabi/7.3.1/thumb/v7e-m/fpv4-sp/hard/libgcc.a
LOAD /opt/STM32Workbench/plugins/fr.ac6.mcu.externaltools.arm-none.linux64_1.17.0.201812190825/tools/compiler/bin/../lib/gcc/arm-none-eabi/7.3.1/../../../../arm-none-eabi/lib/thumb/v7e-m/fpv4-sp/hard/libc_nano.a
LOAD /opt/STM32Workbench/plugins/fr.ac6.mcu.externaltools.arm-none.linux64_1.17.0.201812190825/tools/compiler/bin/../lib/gcc/arm-none-eabi/7.3.1/../../../../arm-none-eabi/lib/thumb/v7e-m/fpv4-sp/hard/libnosys.a
END GROUP
START GROUP
LOAD /opt/STM32Workbench/plugins/fr.ac6.mcu.externaltools.arm-none.linux64_1.17.0.201812190825/tools/compiler/bin/../lib/gcc/arm-none-eabi/7.3.1/thumb/v7e-m/fpv4-sp/hard/libgcc.a
LOAD /opt/STM32Workbench/plugins/fr.ac6.mcu.externaltools.arm-none.linux64_1.17.0.201812190825/tools/compiler/bin/../lib/gcc/arm-none-eabi/7.3.1/../../../../arm-none-eabi/lib/thumb/v7e-m/fpv4-sp/hard/libc_nano.a
LOAD /opt/STM32Workbench/plugins/fr.ac6.mcu.externaltools.arm-none.linux64_1.17.0.201812190825/tools/compiler/bin/../lib/gcc/arm-none-eabi/7.3.1/../../../../arm-none-eabi/lib/thumb/v7e-m/fpv4-sp/hard/libnosys.a
END GROUP
LOAD /opt/STM32Workbench/plugins/fr.ac6.mcu.externaltools.arm-none.linux64_1.17.0.201812190825/tools/compiler/bin/../lib/gcc/arm-none-eabi/7.3.1/thumb/v7e-m/fpv4-sp/hard/crtend.o
LOAD /opt/STM32Workbench/plugins/fr.ac6.mcu.externaltools.arm-none.linux64_1.17.0.201812190825/tools/compiler/bin/../lib/gcc/arm-none-eabi/7.3.1/thumb/v7e-m/fpv4-sp/hard/crtn.o
                0x0000000020018000                _estack = 0x20018000
                0x0000000000000200                _Min_Heap_Size = 0x200
                0x0000000000000400                _Min_Stack_Size = 0x400

.isr_vector     0x0000000008000000      0x194
                0x0000000008000000                . = ALIGN (0x4)
 *(.isr_vector)
 .isr_vector    0x0000000008000000      0x194 startup/startup_stm32f401xe.o
                0x0000000008000000                g_pfnVectors
                0x0000000008000194                . = ALIGN (0x4)

.text           0x00000000080001a0     0x2b70
                0x00000000080001a0                . = ALIGN (0x4)
 *(.text)
 .text          0x00000000080001a0       0x40 /opt/STM32Workbench/plugins/fr.ac6.mcu.externaltools.arm-none.linux64_1.17.0.201812190825/tools/compiler/bin/../lib/gcc/arm-none-eabi/7.3.1/thumb/v7e-m/fpv4-sp/hard/crtbegin.o
 .text          0x00000000080001e0       0x30 /opt/STM32Workbench/plugins/fr.ac6.mcu.externaltools.arm-none.linux64_1.17.0.201812190825/tools/compiler/bin/../lib/gcc/arm-none-eabi/7.3.1/thumb/v7e-m/fpv4-sp/hard/libgcc.a(_aeabi_uldivmod.o)
                0x00000000080001e0                __aeabi_uldivmod
 .text          0x0000000008000210      0x2cc /opt/STM32Workbench/plugins/fr.ac6.mcu.externaltools.arm-none.linux64_1.17.0.201812190825/tools/compiler/bin/../lib/gcc/arm-none-eabi/7.3.1/thumb/v7e-m/fpv4-sp/hard/libgcc.a(_udivmoddi4.o)
                0x0000000008000210                __udivmoddi4
 .text          0x00000000080004dc        0x4 /opt/STM32Workbench/plugins/fr.ac6.mcu.externaltools.arm-none.linux64_1.17.0.201812190825/tools/compiler/bin/../lib/gcc/arm-none-eabi/7.3.1/thumb/v7e-m/fpv4-sp/hard/libgcc.a(_dvmd_tls.o)
                0x00000000080004dc                __aeabi_ldiv0
                0x00000000080004dc                __aeabi_idiv0
 .text          0x00000000080004e0       0xa0 /opt/STM32Workbench/plugins/fr.ac6.mcu.externaltools.arm-none.linux64_1.17.0.201812190825/tools/compiler/bin/../lib/gcc/arm-none-eabi/7.3.1/../../../../arm-none-eabi/lib/thumb/v7e-m/fpv4-sp/hard/libc_nano.a(lib_a-memchr.o)
                0x00000000080004e0                memchr
 *(.text*)
 .text.MX_GPIO_Init
                0x0000000008000580       0xac Core/Src/main.o
 .text.MX_CRC_Init
                0x000000000800062c       0x18 Core/Src/main.o
 .text.MX_SPI2_Init
                0x0000000008000644       0x38 Core/Src/main.o
 .text.MX_USART2_UART_Init
                0x000000000800067c       0x2c Core/Src/main.o
 .text.SystemClock_Config
                0x00000000080006a8       0x94 Core/Src/main.o
                0x00000000080006a8                SystemClock_Config
 .text.main     0x000000000800073c       0x94 Core/Src/main.o
                0x000000000800073c                main
 .text.__io_putchar
                0x00000000080007d0       0x20 Core/Src/main.o
                0x00000000080007d0                __io_putchar
 .text._write   0x00000000080007f0       0x1c Core/Src/main.o
                0x00000000080007f0                _write
 .text.HAL_MspInit
                0x000000000800080c       0x40 Core/Src/stm32f4xx_hal_msp.o
                0x000000000800080c                HAL_MspInit
 .text.HAL_CRC_MspInit
                0x000000000800084c       0x30 Core/Src/stm32f4xx_hal_msp.o
                0x000000000800084c                HAL_CRC_MspInit
 .text.HAL_SPI_MspInit
                0x000000000800087c       0x9c Core/Src/stm32f4xx_hal_msp.o
                0x000000000800087c                HAL_SPI_MspInit
 .text.HAL_UART_MspInit
                0x0000000008000918       0x6c Core/Src/stm32f4xx_hal_msp.o
                0x0000000008000918                HAL_UART_MspInit
 .text.NMI_Handler
                0x0000000008000984        0x2 Core/Src/stm32f4xx_it.o
                0x0000000008000984                NMI_Handler
 .text.HardFault_Handler
                0x0000000008000986        0x2 Core/Src/stm32f4xx_it.o
                0x0000000008000986                HardFault_Handler
 .text.MemManage_Handler
                0x0000000008000988        0x2 Core/Src/stm32f4xx_it.o
                0x0000000008000988                MemManage_Handler
 .text.BusFault_Handler
                0x000000000800098a        0x2 Core/Src/stm32f4xx_it.o
                0x000000000800098a                BusFault_Handler
 .text.UsageFault_Handler
                0x000000000800098c        0x2 Core/Src/stm32f4xx_it.o
                0x000000000800098c                UsageFault_Handler
 .text.SVC_Handler
                0x000000000800098e        0x2 Core/Src/stm32f4xx_it.o
                0x000000000800098e                SVC_Handler
 .text.DebugMon_Handler
                0x0000000008000990        0x2 Core/Src/stm32f4xx_it.o
                0x0000000008000990                DebugMon_Handler
 .text.PendSV_Handler
                0x0000000008000992        0x2 Core/Src/stm32f4xx_it.o
                0x0000000008000992                PendSV_Handler
 .text.SysTick_Handler
                0x0000000008000994        0x8 Core/Src/stm32f4xx_it.o
                0x0000000008000994                SysTick_Handler
 .text._read    0x000000000800099c       0x1c Core/Src/syscalls.o
                0x000000000800099c                _read
 .text._sbrk    0x00000000080009b8       0x3c Core/Src/syscalls.o
                0x00000000080009b8                _sbrk
 .text._close   0x00000000080009f4        0x6 Core/Src/syscalls.o
                0x00000000080009f4                _close
 .text._fstat   0x00000000080009fa        0xa Core/Src/syscalls.o
                0x00000000080009fa                _fstat
 .text._isatty  0x0000000008000a04        0x4 Core/Src/syscalls.o
                0x0000000008000a04                _isatty
 .text._lseek   0x0000000008000a08        0x4 Core/Src/syscalls.o
                0x0000000008000a08                _lseek
 .text.SystemInit
                0x0000000008000a0c       0x1c Core/Src/system_stm32f4xx.o
                0x0000000008000a0c                SystemInit
 .text.HAL_InitTick
                0x0000000008000a28       0x48 Drivers/STM32F4xx_HAL_Driver/Src/stm32f4xx_hal.o
                0x0000000008000a28                HAL_InitTick
 .text.HAL_Init
                0x0000000008000a70       0x34 Drivers/STM32F4xx_HAL_Driver/Src/stm32f4xx_hal.o
                0x0000000008000a70                HAL_Init
 .text.HAL_IncTick
                0x0000000008000aa4       0x18 Drivers/STM32F4xx_HAL_Driver/Src/stm32f4xx_hal.o
                0x0000000008000aa4                HAL_IncTick
 .text.HAL_GetTick
                0x0000000008000abc        0xc Drivers/STM32F4xx_HAL_Driver/Src/stm32f4xx_hal.o
                0x0000000008000abc                HAL_GetTick
 .text.HAL_NVIC_SetPriorityGrouping
                0x0000000008000ac8       0x24 Drivers/STM32F4xx_HAL_Driver/Src/stm32f4xx_hal_cortex.o
                0x0000000008000ac8                HAL_NVIC_SetPriorityGrouping
 .text.HAL_NVIC_SetPriority
                0x0000000008000aec       0x68 Drivers/STM32F4xx_HAL_Driver/Src/stm32f4xx_hal_cortex.o
                0x0000000008000aec                HAL_NVIC_SetPriority
 .text.HAL_SYSTICK_Config
                0x0000000008000b54       0x2c Drivers/STM32F4xx_HAL_Driver/Src/stm32f4xx_hal_cortex.o
                0x0000000008000b54                HAL_SYSTICK_Config
 .text.HAL_CRC_Init
                0x0000000008000b80       0x1e Drivers/STM32F4xx_HAL_Driver/Src/stm32f4xx_hal_crc.o
                0x0000000008000b80                HAL_CRC_Init
 *fill*         0x0000000008000b9e        0x2 
 .text.HAL_GPIO_Init
                0x0000000008000ba0      0x1a4 Drivers/STM32F4xx_HAL_Driver/Src/stm32f4xx_hal_gpio.o
                0x0000000008000ba0                HAL_GPIO_Init
 .text.HAL_GPIO_WritePin
                0x0000000008000d44        0xc Drivers/STM32F4xx_HAL_Driver/Src/stm32f4xx_hal_gpio.o
                0x0000000008000d44                HAL_GPIO_WritePin
 .text.HAL_RCC_OscConfig
                0x0000000008000d50      0x3ec Drivers/STM32F4xx_HAL_Driver/Src/stm32f4xx_hal_rcc.o
                0x0000000008000d50                HAL_RCC_OscConfig
 .text.HAL_RCC_GetSysClockFreq
                0x000000000800113c       0xd8 Drivers/STM32F4xx_HAL_Driver/Src/stm32f4xx_hal_rcc.o
                0x000000000800113c                HAL_RCC_GetSysClockFreq
 .text.HAL_RCC_ClockConfig
                0x0000000008001214      0x160 Drivers/STM32F4xx_HAL_Driver/Src/stm32f4xx_hal_rcc.o
                0x0000000008001214                HAL_RCC_ClockConfig
 .text.HAL_RCC_GetHCLKFreq
                0x0000000008001374        0xc Drivers/STM32F4xx_HAL_Driver/Src/stm32f4xx_hal_rcc.o
                0x0000000008001374                HAL_RCC_GetHCLKFreq
 .text.HAL_RCC_GetPCLK1Freq
                0x0000000008001380       0x20 Drivers/STM32F4xx_HAL_Driver/Src/stm32f4xx_hal_rcc.o
                0x0000000008001380                HAL_RCC_GetPCLK1Freq
 .text.HAL_RCC_GetPCLK2Freq
                0x00000000080013a0       0x20 Drivers/STM32F4xx_HAL_Driver/Src/stm32f4xx_hal_rcc.o
                0x00000000080013a0                HAL_RCC_GetPCLK2Freq
 .text.SPI_WaitFlagStateUntilTimeout
                0x00000000080013c0       0x90 Drivers/STM32F4xx_HAL_Driver/Src/stm32f4xx_hal_spi.o
 .text.SPI_EndRxTxTransaction
                0x0000000008001450       0x68 Drivers/STM32F4xx_HAL_Driver/Src/stm32f4xx_hal_spi.o
 .text.SPI_EndRxTransaction
                0x00000000080014b8       0x98 Drivers/STM32F4xx_HAL_Driver/Src/stm32f4xx_hal_spi.o
 .text.HAL_SPI_Init
                0x0000000008001550       0x80 Drivers/STM32F4xx_HAL_Driver/Src/stm32f4xx_hal_spi.o
                0x0000000008001550                HAL_SPI_Init
 .text.HAL_SPI_TransmitReceive
                0x00000000080015d0      0x22e Drivers/STM32F4xx_HAL_Driver/Src/stm32f4xx_hal_spi.o
                0x00000000080015d0                HAL_SPI_TransmitReceive
 .text.HAL_SPI_Receive
                0x00000000080017fe      0x162 Drivers/STM32F4xx_HAL_Driver/Src/stm32f4xx_hal_spi.o
                0x00000000080017fe                HAL_SPI_Receive
 .text.UART_SetConfig
                0x0000000008001960      0x218 Drivers/STM32F4xx_HAL_Driver/Src/stm32f4xx_hal_uart.o
 .text.UART_WaitOnFlagUntilTimeout
                0x0000000008001b78       0x62 Drivers/STM32F4xx_HAL_Driver/Src/stm32f4xx_hal_uart.o
 .text.HAL_UART_Init
                0x0000000008001bda       0x5e Drivers/STM32F4xx_HAL_Driver/Src/stm32f4xx_hal_uart.o
                0x0000000008001bda                HAL_UART_Init
 .text.HAL_UART_Transmit
                0x0000000008001c38       0xe2 Drivers/STM32F4xx_HAL_Driver/Src/stm32f4xx_hal_uart.o
                0x0000000008001c38                HAL_UART_Transmit
 *fill*         0x0000000008001d1a        0x2 
 .text.Reset_Handler
                0x0000000008001d1c       0x50 startup/startup_stm32f401xe.o
                0x0000000008001d1c                Reset_Handler
 .text.Default_Handler
                0x0000000008001d6c        0x2 startup/startup_stm32f401xe.o
                0x0000000008001d6c                RTC_Alarm_IRQHandler
                0x0000000008001d6c                EXTI2_IRQHandler
                0x0000000008001d6c                SPI4_IRQHandler
                0x0000000008001d6c                TIM1_CC_IRQHandler
                0x0000000008001d6c                DMA2_Stream5_IRQHandler
                0x0000000008001d6c                DMA1_Stream5_IRQHandler
                0x0000000008001d6c                PVD_IRQHandler
                0x0000000008001d6c                SDIO_IRQHandler
                0x0000000008001d6c                TAMP_STAMP_IRQHandler
                0x0000000008001d6c                EXTI3_IRQHandler
                0x0000000008001d6c                TIM1_UP_TIM10_IRQHandler
                0x0000000008001d6c                I2C3_ER_IRQHandler
                0x0000000008001d6c                EXTI0_IRQHandler
                0x0000000008001d6c                I2C2_EV_IRQHandler
                0x0000000008001d6c                DMA1_Stream2_IRQHandler
                0x0000000008001d6c                FPU_IRQHandler
                0x0000000008001d6c                DMA2_Stream2_IRQHandler
                0x0000000008001d6c                SPI1_IRQHandler
                0x0000000008001d6c                TIM1_BRK_TIM9_IRQHandler
                0x0000000008001d6c                DMA2_Stream3_IRQHandler
                0x0000000008001d6c                USART6_IRQHandler
                0x0000000008001d6c                DMA2_Stream0_IRQHandler
                0x0000000008001d6c                TIM4_IRQHandler
                0x0000000008001d6c                I2C1_EV_IRQHandler
                0x0000000008001d6c                DMA1_Stream6_IRQHandler
                0x0000000008001d6c                DMA1_Stream1_IRQHandler
                0x0000000008001d6c                TIM3_IRQHandler
                0x0000000008001d6c                RCC_IRQHandler
                0x0000000008001d6c                Default_Handler
                0x0000000008001d6c                EXTI15_10_IRQHandler
                0x0000000008001d6c                ADC_IRQHandler
                0x0000000008001d6c                DMA1_Stream7_IRQHandler
                0x0000000008001d6c                TIM5_IRQHandler
                0x0000000008001d6c                DMA2_Stream7_IRQHandler
                0x0000000008001d6c                I2C3_EV_IRQHandler
                0x0000000008001d6c                EXTI9_5_IRQHandler
                0x0000000008001d6c                RTC_WKUP_IRQHandler
                0x0000000008001d6c                SPI2_IRQHandler
                0x0000000008001d6c                DMA1_Stream0_IRQHandler
                0x0000000008001d6c                EXTI4_IRQHandler
                0x0000000008001d6c                WWDG_IRQHandler
                0x0000000008001d6c                TIM2_IRQHandler
                0x0000000008001d6c                OTG_FS_WKUP_IRQHandler
                0x0000000008001d6c                TIM1_TRG_COM_TIM11_IRQHandler
                0x0000000008001d6c                EXTI1_IRQHandler
                0x0000000008001d6c                USART2_IRQHandler
                0x0000000008001d6c                I2C2_ER_IRQHandler
                0x0000000008001d6c                DMA2_Stream1_IRQHandler
                0x0000000008001d6c                FLASH_IRQHandler
                0x0000000008001d6c                DMA2_Stream4_IRQHandler
                0x0000000008001d6c                USART1_IRQHandler
                0x0000000008001d6c                OTG_FS_IRQHandler
                0x0000000008001d6c                SPI3_IRQHandler
                0x0000000008001d6c                DMA1_Stream4_IRQHandler
                0x0000000008001d6c                I2C1_ER_IRQHandler
                0x0000000008001d6c                DMA2_Stream6_IRQHandler
                0x0000000008001d6c                DMA1_Stream3_IRQHandler
 *fill*         0x0000000008001d6e        0x2 
 .text.__errno  0x0000000008001d70        0xc /opt/STM32Workbench/plugins/fr.ac6.mcu.externaltools.arm-none.linux64_1.17.0.201812190825/tools/compiler/bin/../lib/gcc/arm-none-eabi/7.3.1/../../../../arm-none-eabi/lib/thumb/v7e-m/fpv4-sp/hard/libc_nano.a(lib_a-errno.o)
                0x0000000008001d70                __errno
 .text.__libc_init_array
                0x0000000008001d7c       0x48 /opt/STM32Workbench/plugins/fr.ac6.mcu.externaltools.arm-none.linux64_1.17.0.201812190825/tools/compiler/bin/../lib/gcc/arm-none-eabi/7.3.1/../../../../arm-none-eabi/lib/thumb/v7e-m/fpv4-sp/hard/libc_nano.a(lib_a-init.o)
                0x0000000008001d7c                __libc_init_array
 .text.memset   0x0000000008001dc4       0x10 /opt/STM32Workbench/plugins/fr.ac6.mcu.externaltools.arm-none.linux64_1.17.0.201812190825/tools/compiler/bin/../lib/gcc/arm-none-eabi/7.3.1/../../../../arm-none-eabi/lib/thumb/v7e-m/fpv4-sp/hard/libc_nano.a(lib_a-memset.o)
                0x0000000008001dc4                memset
 .text.printf   0x0000000008001dd4       0x30 /opt/STM32Workbench/plugins/fr.ac6.mcu.externaltools.arm-none.linux64_1.17.0.201812190825/tools/compiler/bin/../lib/gcc/arm-none-eabi/7.3.1/../../../../arm-none-eabi/lib/thumb/v7e-m/fpv4-sp/hard/libc_nano.a(lib_a-printf.o)
                0x0000000008001dd4                printf
                0x0000000008001dd4                iprintf
 .text.putchar  0x0000000008001e04       0x28 /opt/STM32Workbench/plugins/fr.ac6.mcu.externaltools.arm-none.linux64_1.17.0.201812190825/tools/compiler/bin/../lib/gcc/arm-none-eabi/7.3.1/../../../../arm-none-eabi/lib/thumb/v7e-m/fpv4-sp/hard/libc_nano.a(lib_a-putchar.o)
                0x0000000008001e04                putchar
 .text._puts_r  0x0000000008001e2c       0xb8 /opt/STM32Workbench/plugins/fr.ac6.mcu.externaltools.arm-none.linux64_1.17.0.201812190825/tools/compiler/bin/../lib/gcc/arm-none-eabi/7.3.1/../../../../arm-none-eabi/lib/thumb/v7e-m/fpv4-sp/hard/libc_nano.a(lib_a-puts.o)
                0x0000000008001e2c                _puts_r
 .text.puts     0x0000000008001ee4       0x10 /opt/STM32Workbench/plugins/fr.ac6.mcu.externaltools.arm-none.linux64_1.17.0.201812190825/tools/compiler/bin/../lib/gcc/arm-none-eabi/7.3.1/../../../../arm-none-eabi/lib/thumb/v7e-m/fpv4-sp/hard/libc_nano.a(lib_a-puts.o)
                0x0000000008001ee4                puts
 .text.__swbuf_r
                0x0000000008001ef4       0xa4 /opt/STM32Workbench/plugins/fr.ac6.mcu.externaltools.arm-none.linux64_1.17.0.201812190825/tools/compiler/bin/../lib/gcc/arm-none-eabi/7.3.1/../../../../arm-none-eabi/lib/thumb/v7e-m/fpv4-sp/hard/libc_nano.a(lib_a-wbuf.o)
                0x0000000008001ef4                __swbuf_r
 .text.__swsetup_r
                0x0000000008001f98       0xdc /opt/STM32Workbench/plugins/fr.ac6.mcu.externaltools.arm-none.linux64_1.17.0.201812190825/tools/compiler/bin/../lib/gcc/arm-none-eabi/7.3.1/../../../../arm-none-eabi/lib/thumb/v7e-m/fpv4-sp/hard/libc_nano.a(lib_a-wsetup.o)
                0x0000000008001f98                __swsetup_r
 .text.__sflush_r
                0x0000000008002074      0x10c /opt/STM32Workbench/plugins/fr.ac6.mcu.externaltools.arm-none.linux64_1.17.0.201812190825/tools/compiler/bin/../lib/gcc/arm-none-eabi/7.3.1/../../../../arm-none-eabi/lib/thumb/v7e-m/fpv4-sp/hard/libc_nano.a(lib_a-fflush.o)
                0x0000000008002074                __sflush_r
 .text._fflush_r
                0x0000000008002180       0x54 /opt/STM32Workbench/plugins/fr.ac6.mcu.externaltools.arm-none.linux64_1.17.0.201812190825/tools/compiler/bin/../lib/gcc/arm-none-eabi/7.3.1/../../../../arm-none-eabi/lib/thumb/v7e-m/fpv4-sp/hard/libc_nano.a(lib_a-fflush.o)
                0x0000000008002180                _fflush_r
 .text.std      0x00000000080021d4       0x48 /opt/STM32Workbench/plugins/fr.ac6.mcu.externaltools.arm-none.linux64_1.17.0.201812190825/tools/compiler/bin/../lib/gcc/arm-none-eabi/7.3.1/../../../../arm-none-eabi/lib/thumb/v7e-m/fpv4-sp/hard/libc_nano.a(lib_a-findfp.o)
 .text._cleanup_r
                0x000000000800221c        0xc /opt/STM32Workbench/plugins/fr.ac6.mcu.externaltools.arm-none.linux64_1.17.0.201812190825/tools/compiler/bin/../lib/gcc/arm-none-eabi/7.3.1/../../../../arm-none-eabi/lib/thumb/v7e-m/fpv4-sp/hard/libc_nano.a(lib_a-findfp.o)
                0x000000000800221c                _cleanup_r
 .text.__sfmoreglue
                0x0000000008002228       0x2c /opt/STM32Workbench/plugins/fr.ac6.mcu.externaltools.arm-none.linux64_1.17.0.201812190825/tools/compiler/bin/../lib/gcc/arm-none-eabi/7.3.1/../../../../arm-none-eabi/lib/thumb/v7e-m/fpv4-sp/hard/libc_nano.a(lib_a-findfp.o)
                0x0000000008002228                __sfmoreglue
 .text.__sinit  0x0000000008002254       0x60 /opt/STM32Workbench/plugins/fr.ac6.mcu.externaltools.arm-none.linux64_1.17.0.201812190825/tools/compiler/bin/../lib/gcc/arm-none-eabi/7.3.1/../../../../arm-none-eabi/lib/thumb/v7e-m/fpv4-sp/hard/libc_nano.a(lib_a-findfp.o)
                0x0000000008002254                __sinit
 .text.__sfp    0x00000000080022b4       0x78 /opt/STM32Workbench/plugins/fr.ac6.mcu.externaltools.arm-none.linux64_1.17.0.201812190825/tools/compiler/bin/../lib/gcc/arm-none-eabi/7.3.1/../../../../arm-none-eabi/lib/thumb/v7e-m/fpv4-sp/hard/libc_nano.a(lib_a-findfp.o)
                0x00000000080022b4                __sfp
 .text._fwalk_reent
                0x000000000800232c       0x3c /opt/STM32Workbench/plugins/fr.ac6.mcu.externaltools.arm-none.linux64_1.17.0.201812190825/tools/compiler/bin/../lib/gcc/arm-none-eabi/7.3.1/../../../../arm-none-eabi/lib/thumb/v7e-m/fpv4-sp/hard/libc_nano.a(lib_a-fwalk.o)
                0x000000000800232c                _fwalk_reent
 .text.__swhatbuf_r
                0x0000000008002368       0x48 /opt/STM32Workbench/plugins/fr.ac6.mcu.externaltools.arm-none.linux64_1.17.0.201812190825/tools/compiler/bin/../lib/gcc/arm-none-eabi/7.3.1/../../../../arm-none-eabi/lib/thumb/v7e-m/fpv4-sp/hard/libc_nano.a(lib_a-makebuf.o)
                0x0000000008002368                __swhatbuf_r
 .text.__smakebuf_r
                0x00000000080023b0       0x80 /opt/STM32Workbench/plugins/fr.ac6.mcu.externaltools.arm-none.linux64_1.17.0.201812190825/tools/compiler/bin/../lib/gcc/arm-none-eabi/7.3.1/../../../../arm-none-eabi/lib/thumb/v7e-m/fpv4-sp/hard/libc_nano.a(lib_a-makebuf.o)
                0x00000000080023b0                __smakebuf_r
 .text._free_r  0x0000000008002430       0x9c /opt/STM32Workbench/plugins/fr.ac6.mcu.externaltools.arm-none.linux64_1.17.0.201812190825/tools/compiler/bin/../lib/gcc/arm-none-eabi/7.3.1/../../../../arm-none-eabi/lib/thumb/v7e-m/fpv4-sp/hard/libc_nano.a(lib_a-nano-freer.o)
                0x0000000008002430                _free_r
 .text._malloc_r
                0x00000000080024cc       0xb4 /opt/STM32Workbench/plugins/fr.ac6.mcu.externaltools.arm-none.linux64_1.17.0.201812190825/tools/compiler/bin/../lib/gcc/arm-none-eabi/7.3.1/../../../../arm-none-eabi/lib/thumb/v7e-m/fpv4-sp/hard/libc_nano.a(lib_a-nano-mallocr.o)
                0x00000000080024cc                _malloc_r
 .text.__sfputc_r
                0x0000000008002580       0x2e /opt/STM32Workbench/plugins/fr.ac6.mcu.externaltools.arm-none.linux64_1.17.0.201812190825/tools/compiler/bin/../lib/gcc/arm-none-eabi/7.3.1/../../../../arm-none-eabi/lib/thumb/v7e-m/fpv4-sp/hard/libc_nano.a(lib_a-nano-vfprintf.o)
 .text.__sfputs_r
                0x00000000080025ae       0x24 /opt/STM32Workbench/plugins/fr.ac6.mcu.externaltools.arm-none.linux64_1.17.0.201812190825/tools/compiler/bin/../lib/gcc/arm-none-eabi/7.3.1/../../../../arm-none-eabi/lib/thumb/v7e-m/fpv4-sp/hard/libc_nano.a(lib_a-nano-vfprintf.o)
                0x00000000080025ae                __sfputs_r
 *fill*         0x00000000080025d2        0x2 
 .text._vfprintf_r
                0x00000000080025d4      0x22c /opt/STM32Workbench/plugins/fr.ac6.mcu.externaltools.arm-none.linux64_1.17.0.201812190825/tools/compiler/bin/../lib/gcc/arm-none-eabi/7.3.1/../../../../arm-none-eabi/lib/thumb/v7e-m/fpv4-sp/hard/libc_nano.a(lib_a-nano-vfprintf.o)
                0x00000000080025d4                _vfiprintf_r
                0x00000000080025d4                _vfprintf_r
 .text._printf_common
                0x0000000008002800       0xea /opt/STM32Workbench/plugins/fr.ac6.mcu.externaltools.arm-none.linux64_1.17.0.201812190825/tools/compiler/bin/../lib/gcc/arm-none-eabi/7.3.1/../../../../arm-none-eabi/lib/thumb/v7e-m/fpv4-sp/hard/libc_nano.a(lib_a-nano-vfprintf_i.o)
                0x0000000008002800                _printf_common
 *fill*         0x00000000080028ea        0x2 
 .text._printf_i
                0x00000000080028ec      0x224 /opt/STM32Workbench/plugins/fr.ac6.mcu.externaltools.arm-none.linux64_1.17.0.201812190825/tools/compiler/bin/../lib/gcc/arm-none-eabi/7.3.1/../../../../arm-none-eabi/lib/thumb/v7e-m/fpv4-sp/hard/libc_nano.a(lib_a-nano-vfprintf_i.o)
                0x00000000080028ec                _printf_i
 .text._putc_r  0x0000000008002b10       0x6c /opt/STM32Workbench/plugins/fr.ac6.mcu.externaltools.arm-none.linux64_1.17.0.201812190825/tools/compiler/bin/../lib/gcc/arm-none-eabi/7.3.1/../../../../arm-none-eabi/lib/thumb/v7e-m/fpv4-sp/hard/libc_nano.a(lib_a-putc.o)
                0x0000000008002b10                _putc_r
 .text._sbrk_r  0x0000000008002b7c       0x20 /opt/STM32Workbench/plugins/fr.ac6.mcu.externaltools.arm-none.linux64_1.17.0.201812190825/tools/compiler/bin/../lib/gcc/arm-none-eabi/7.3.1/../../../../arm-none-eabi/lib/thumb/v7e-m/fpv4-sp/hard/libc_nano.a(lib_a-sbrkr.o)
                0x0000000008002b7c                _sbrk_r
 .text.__sread  0x0000000008002b9c       0x22 /opt/STM32Workbench/plugins/fr.ac6.mcu.externaltools.arm-none.linux64_1.17.0.201812190825/tools/compiler/bin/../lib/gcc/arm-none-eabi/7.3.1/../../../../arm-none-eabi/lib/thumb/v7e-m/fpv4-sp/hard/libc_nano.a(lib_a-stdio.o)
                0x0000000008002b9c                __sread
 .text.__swrite
                0x0000000008002bbe       0x38 /opt/STM32Workbench/plugins/fr.ac6.mcu.externaltools.arm-none.linux64_1.17.0.201812190825/tools/compiler/bin/../lib/gcc/arm-none-eabi/7.3.1/../../../../arm-none-eabi/lib/thumb/v7e-m/fpv4-sp/hard/libc_nano.a(lib_a-stdio.o)
                0x0000000008002bbe                __swrite
 .text.__sseek  0x0000000008002bf6       0x24 /opt/STM32Workbench/plugins/fr.ac6.mcu.externaltools.arm-none.linux64_1.17.0.201812190825/tools/compiler/bin/../lib/gcc/arm-none-eabi/7.3.1/../../../../arm-none-eabi/lib/thumb/v7e-m/fpv4-sp/hard/libc_nano.a(lib_a-stdio.o)
                0x0000000008002bf6                __sseek
 .text.__sclose
                0x0000000008002c1a        0x8 /opt/STM32Workbench/plugins/fr.ac6.mcu.externaltools.arm-none.linux64_1.17.0.201812190825/tools/compiler/bin/../lib/gcc/arm-none-eabi/7.3.1/../../../../arm-none-eabi/lib/thumb/v7e-m/fpv4-sp/hard/libc_nano.a(lib_a-stdio.o)
                0x0000000008002c1a                __sclose
 *fill*         0x0000000008002c22        0x2 
 .text._write_r
                0x0000000008002c24       0x24 /opt/STM32Workbench/plugins/fr.ac6.mcu.externaltools.arm-none.linux64_1.17.0.201812190825/tools/compiler/bin/../lib/gcc/arm-none-eabi/7.3.1/../../../../arm-none-eabi/lib/thumb/v7e-m/fpv4-sp/hard/libc_nano.a(lib_a-writer.o)
                0x0000000008002c24                _write_r
 .text._close_r
                0x0000000008002c48       0x20 /opt/STM32Workbench/plugins/fr.ac6.mcu.externaltools.arm-none.linux64_1.17.0.201812190825/tools/compiler/bin/../lib/gcc/arm-none-eabi/7.3.1/../../../../arm-none-eabi/lib/thumb/v7e-m/fpv4-sp/hard/libc_nano.a(lib_a-closer.o)
                0x0000000008002c48                _close_r
 .text._fstat_r
                0x0000000008002c68       0x24 /opt/STM32Workbench/plugins/fr.ac6.mcu.externaltools.arm-none.linux64_1.17.0.201812190825/tools/compiler/bin/../lib/gcc/arm-none-eabi/7.3.1/../../../../arm-none-eabi/lib/thumb/v7e-m/fpv4-sp/hard/libc_nano.a(lib_a-fstatr.o)
                0x0000000008002c68                _fstat_r
 .text._isatty_r
                0x0000000008002c8c       0x20 /opt/STM32Workbench/plugins/fr.ac6.mcu.externaltools.arm-none.linux64_1.17.0.201812190825/tools/compiler/bin/../lib/gcc/arm-none-eabi/7.3.1/../../../../arm-none-eabi/lib/thumb/v7e-m/fpv4-sp/hard/libc_nano.a(lib_a-isattyr.o)
                0x0000000008002c8c                _isatty_r
 .text._lseek_r
                0x0000000008002cac       0x24 /opt/STM32Workbench/plugins/fr.ac6.mcu.externaltools.arm-none.linux64_1.17.0.201812190825/tools/compiler/bin/../lib/gcc/arm-none-eabi/7.3.1/../../../../arm-none-eabi/lib/thumb/v7e-m/fpv4-sp/hard/libc_nano.a(lib_a-lseekr.o)
                0x0000000008002cac                _lseek_r
 .text.__malloc_lock
                0x0000000008002cd0        0x2 /opt/STM32Workbench/plugins/fr.ac6.mcu.externaltools.arm-none.linux64_1.17.0.201812190825/tools/compiler/bin/../lib/gcc/arm-none-eabi/7.3.1/../../../../arm-none-eabi/lib/thumb/v7e-m/fpv4-sp/hard/libc_nano.a(lib_a-mlock.o)
                0x0000000008002cd0                __malloc_lock
 .text.__malloc_unlock
                0x0000000008002cd2        0x2 /opt/STM32Workbench/plugins/fr.ac6.mcu.externaltools.arm-none.linux64_1.17.0.201812190825/tools/compiler/bin/../lib/gcc/arm-none-eabi/7.3.1/../../../../arm-none-eabi/lib/thumb/v7e-m/fpv4-sp/hard/libc_nano.a(lib_a-mlock.o)
                0x0000000008002cd2                __malloc_unlock
 .text._read_r  0x0000000008002cd4       0x24 /opt/STM32Workbench/plugins/fr.ac6.mcu.externaltools.arm-none.linux64_1.17.0.201812190825/tools/compiler/bin/../lib/gcc/arm-none-eabi/7.3.1/../../../../arm-none-eabi/lib/thumb/v7e-m/fpv4-sp/hard/libc_nano.a(lib_a-readr.o)
                0x0000000008002cd4                _read_r
 *(.glue_7)
 .glue_7        0x0000000008002cf8        0x0 linker stubs
 *(.glue_7t)
 .glue_7t       0x0000000008002cf8        0x0 linker stubs
 *(.eh_frame)
 .eh_frame      0x0000000008002cf8        0x0 /opt/STM32Workbench/plugins/fr.ac6.mcu.externaltools.arm-none.linux64_1.17.0.201812190825/tools/compiler/bin/../lib/gcc/arm-none-eabi/7.3.1/thumb/v7e-m/fpv4-sp/hard/crtbegin.o
 *(.init)
 .init          0x0000000008002cf8        0x4 /opt/STM32Workbench/plugins/fr.ac6.mcu.externaltools.arm-none.linux64_1.17.0.201812190825/tools/compiler/bin/../lib/gcc/arm-none-eabi/7.3.1/thumb/v7e-m/fpv4-sp/hard/crti.o
                0x0000000008002cf8                _init
 .init          0x0000000008002cfc        0x8 /opt/STM32Workbench/plugins/fr.ac6.mcu.externaltools.arm-none.linux64_1.17.0.201812190825/tools/compiler/bin/../lib/gcc/arm-none-eabi/7.3.1/thumb/v7e-m/fpv4-sp/hard/crtn.o
 *(.fini)
 .fini          0x0000000008002d04        0x4 /opt/STM32Workbench/plugins/fr.ac6.mcu.externaltools.arm-none.linux64_1.17.0.201812190825/tools/compiler/bin/../lib/gcc/arm-none-eabi/7.3.1/thumb/v7e-m/fpv4-sp/hard/crti.o
                0x0000000008002d04                _fini
 .fini          0x0000000008002d08        0x8 /opt/STM32Workbench/plugins/fr.ac6.mcu.externaltools.arm-none.linux64_1.17.0.201812190825/tools/compiler/bin/../lib/gcc/arm-none-eabi/7.3.1/thumb/v7e-m/fpv4-sp/hard/crtn.o
                0x0000000008002d10                . = ALIGN (0x4)
                0x0000000008002d10                _etext = .

.vfp11_veneer   0x0000000008002d10        0x0
 .vfp11_veneer  0x0000000008002d10        0x0 linker stubs

.v4_bx          0x0000000008002d10        0x0
 .v4_bx         0x0000000008002d10        0x0 linker stubs

.iplt           0x0000000008002d10        0x0
 .iplt          0x0000000008002d10        0x0 /opt/STM32Workbench/plugins/fr.ac6.mcu.externaltools.arm-none.linux64_1.17.0.201812190825/tools/compiler/bin/../lib/gcc/arm-none-eabi/7.3.1/thumb/v7e-m/fpv4-sp/hard/crtbegin.o

.rodata         0x0000000008002d10       0xdc
                0x0000000008002d10                . = ALIGN (0x4)
 *(.rodata)
 .rodata        0x0000000008002d10       0x18 Core/Src/system_stm32f4xx.o
                0x0000000008002d10                AHBPrescTable
                0x0000000008002d20                APBPrescTable
 *(.rodata*)
 .rodata.str1.4
                0x0000000008002d28       0x2c Core/Src/main.o
 .rodata._global_impure_ptr
                0x0000000008002d54        0x4 /opt/STM32Workbench/plugins/fr.ac6.mcu.externaltools.arm-none.linux64_1.17.0.201812190825/tools/compiler/bin/../lib/gcc/arm-none-eabi/7.3.1/../../../../arm-none-eabi/lib/thumb/v7e-m/fpv4-sp/hard/libc_nano.a(lib_a-impure.o)
                0x0000000008002d54                _global_impure_ptr
 .rodata.__sf_fake_stderr
                0x0000000008002d58       0x20 /opt/STM32Workbench/plugins/fr.ac6.mcu.externaltools.arm-none.linux64_1.17.0.201812190825/tools/compiler/bin/../lib/gcc/arm-none-eabi/7.3.1/../../../../arm-none-eabi/lib/thumb/v7e-m/fpv4-sp/hard/libc_nano.a(lib_a-findfp.o)
                0x0000000008002d58                __sf_fake_stderr
 .rodata.__sf_fake_stdin
                0x0000000008002d78       0x20 /opt/STM32Workbench/plugins/fr.ac6.mcu.externaltools.arm-none.linux64_1.17.0.201812190825/tools/compiler/bin/../lib/gcc/arm-none-eabi/7.3.1/../../../../arm-none-eabi/lib/thumb/v7e-m/fpv4-sp/hard/libc_nano.a(lib_a-findfp.o)
                0x0000000008002d78                __sf_fake_stdin
 .rodata.__sf_fake_stdout
                0x0000000008002d98       0x20 /opt/STM32Workbench/plugins/fr.ac6.mcu.externaltools.arm-none.linux64_1.17.0.201812190825/tools/compiler/bin/../lib/gcc/arm-none-eabi/7.3.1/../../../../arm-none-eabi/lib/thumb/v7e-m/fpv4-sp/hard/libc_nano.a(lib_a-findfp.o)
                0x0000000008002d98                __sf_fake_stdout
 .rodata._vfprintf_r.str1.1
                0x0000000008002db8       0x11 /opt/STM32Workbench/plugins/fr.ac6.mcu.externaltools.arm-none.linux64_1.17.0.201812190825/tools/compiler/bin/../lib/gcc/arm-none-eabi/7.3.1/../../../../arm-none-eabi/lib/thumb/v7e-m/fpv4-sp/hard/libc_nano.a(lib_a-nano-vfprintf.o)
 .rodata._printf_i.str1.1
                0x0000000008002dc9       0x22 /opt/STM32Workbench/plugins/fr.ac6.mcu.externaltools.arm-none.linux64_1.17.0.201812190825/tools/compiler/bin/../lib/gcc/arm-none-eabi/7.3.1/../../../../arm-none-eabi/lib/thumb/v7e-m/fpv4-sp/hard/libc_nano.a(lib_a-nano-vfprintf_i.o)
                0x0000000008002dec                . = ALIGN (0x4)
 *fill*         0x0000000008002deb        0x1 

.ARM.extab
 *(.ARM.extab* .gnu.linkonce.armextab.*)

.ARM            0x0000000008002dec        0x8
                0x0000000008002dec                __exidx_start = .
 *(.ARM.exidx*)
 .ARM.exidx     0x0000000008002dec        0x8 /opt/STM32Workbench/plugins/fr.ac6.mcu.externaltools.arm-none.linux64_1.17.0.201812190825/tools/compiler/bin/../lib/gcc/arm-none-eabi/7.3.1/thumb/v7e-m/fpv4-sp/hard/libgcc.a(_udivmoddi4.o)
                0x0000000008002df4                __exidx_end = .

.rel.dyn        0x0000000008002df4        0x0
 .rel.iplt      0x0000000008002df4        0x0 /opt/STM32Workbench/plugins/fr.ac6.mcu.externaltools.arm-none.linux64_1.17.0.201812190825/tools/compiler/bin/../lib/gcc/arm-none-eabi/7.3.1/thumb/v7e-m/fpv4-sp/hard/crtbegin.o

.preinit_array  0x0000000008002df4        0x0
                0x0000000008002df4                PROVIDE (__preinit_array_start = .)
 *(.preinit_array*)
                0x0000000008002df4                PROVIDE (__preinit_array_end = .)

.init_array     0x0000000008002df4        0x4
                0x0000000008002df4                PROVIDE (__init_array_start = .)
 *(SORT_BY_NAME(.init_array.*))
 *(.init_array*)
 .init_array    0x0000000008002df4        0x4 /opt/STM32Workbench/plugins/fr.ac6.mcu.externaltools.arm-none.linux64_1.17.0.201812190825/tools/compiler/bin/../lib/gcc/arm-none-eabi/7.3.1/thumb/v7e-m/fpv4-sp/hard/crtbegin.o
                0x0000000008002df8                PROVIDE (__init_array_end = .)

.fini_array     0x0000000008002df8        0x4
                [!provide]                        PROVIDE (__fini_array_start = .)
 *(SORT_BY_NAME(.fini_array.*))
 *(.fini_array*)
 .fini_array    0x0000000008002df8        0x4 /opt/STM32Workbench/plugins/fr.ac6.mcu.externaltools.arm-none.linux64_1.17.0.201812190825/tools/compiler/bin/../lib/gcc/arm-none-eabi/7.3.1/thumb/v7e-m/fpv4-sp/hard/crtbegin.o
                [!provide]                        PROVIDE (__fini_array_end = .)
                0x0000000008002dfc                _sidata = LOADADDR (.data)

.data           0x0000000020000000       0x70 load address 0x0000000008002dfc
                0x0000000020000000                . = ALIGN (0x4)
                0x0000000020000000                _sdata = .
 *(.data)
 .data          0x0000000020000000        0x4 Core/Src/system_stm32f4xx.o
                0x0000000020000000                SystemCoreClock
 .data          0x0000000020000004        0x8 Drivers/STM32F4xx_HAL_Driver/Src/stm32f4xx_hal.o
                0x0000000020000004                uwTickFreq
                0x0000000020000008                uwTickPrio
 *(.data*)
 .data._impure_ptr
                0x000000002000000c        0x4 /opt/STM32Workbench/plugins/fr.ac6.mcu.externaltools.arm-none.linux64_1.17.0.201812190825/tools/compiler/bin/../lib/gcc/arm-none-eabi/7.3.1/../../../../arm-none-eabi/lib/thumb/v7e-m/fpv4-sp/hard/libc_nano.a(lib_a-impure.o)
                0x000000002000000c                _impure_ptr
 .data.impure_data
                0x0000000020000010       0x60 /opt/STM32Workbench/plugins/fr.ac6.mcu.externaltools.arm-none.linux64_1.17.0.201812190825/tools/compiler/bin/../lib/gcc/arm-none-eabi/7.3.1/../../../../arm-none-eabi/lib/thumb/v7e-m/fpv4-sp/hard/libc_nano.a(lib_a-impure.o)
                0x0000000020000070                . = ALIGN (0x4)
                0x0000000020000070                _edata = .

.igot.plt       0x0000000020000070        0x0 load address 0x0000000008002e6c
 .igot.plt      0x0000000020000070        0x0 /opt/STM32Workbench/plugins/fr.ac6.mcu.externaltools.arm-none.linux64_1.17.0.201812190825/tools/compiler/bin/../lib/gcc/arm-none-eabi/7.3.1/thumb/v7e-m/fpv4-sp/hard/crtbegin.o
                0x0000000020000070                . = ALIGN (0x4)

.bss            0x0000000020000070       0xd4 load address 0x0000000008002e6c
                0x0000000020000070                _sbss = .
                0x0000000020000070                __bss_start__ = _sbss
 *(.bss)
 .bss           0x0000000020000070       0x1c /opt/STM32Workbench/plugins/fr.ac6.mcu.externaltools.arm-none.linux64_1.17.0.201812190825/tools/compiler/bin/../lib/gcc/arm-none-eabi/7.3.1/thumb/v7e-m/fpv4-sp/hard/crtbegin.o
 .bss           0x000000002000008c        0x8 Core/Src/syscalls.o
                0x0000000020000090                __env
 *(.bss*)
 .bss.__malloc_free_list
                0x0000000020000094        0x4 /opt/STM32Workbench/plugins/fr.ac6.mcu.externaltools.arm-none.linux64_1.17.0.201812190825/tools/compiler/bin/../lib/gcc/arm-none-eabi/7.3.1/../../../../arm-none-eabi/lib/thumb/v7e-m/fpv4-sp/hard/libc_nano.a(lib_a-nano-mallocr.o)
                0x0000000020000094                __malloc_free_list
 .bss.__malloc_sbrk_start
                0x0000000020000098        0x4 /opt/STM32Workbench/plugins/fr.ac6.mcu.externaltools.arm-none.linux64_1.17.0.201812190825/tools/compiler/bin/../lib/gcc/arm-none-eabi/7.3.1/../../../../arm-none-eabi/lib/thumb/v7e-m/fpv4-sp/hard/libc_nano.a(lib_a-nano-mallocr.o)
                0x0000000020000098                __malloc_sbrk_start
 *(COMMON)
 COMMON         0x000000002000009c       0xa0 Core/Src/main.o
                0x000000002000009c                hspi2
                0x00000000200000f4                hcrc
                0x00000000200000fc                huart2
 COMMON         0x000000002000013c        0x4 Drivers/STM32F4xx_HAL_Driver/Src/stm32f4xx_hal.o
                0x000000002000013c                uwTick
 COMMON         0x0000000020000140        0x4 /opt/STM32Workbench/plugins/fr.ac6.mcu.externaltools.arm-none.linux64_1.17.0.201812190825/tools/compiler/bin/../lib/gcc/arm-none-eabi/7.3.1/../../../../arm-none-eabi/lib/thumb/v7e-m/fpv4-sp/hard/libc_nano.a(lib_a-reent.o)
                0x0000000020000140                errno
                0x0000000020000144                . = ALIGN (0x4)
                0x0000000020000144                _ebss = .
                0x0000000020000144                __bss_end__ = _ebss

._user_heap_stack
                0x0000000020000144      0x604 load address 0x0000000008002e6c
                0x0000000020000148                . = ALIGN (0x8)
 *fill*         0x0000000020000144        0x4 
                0x0000000020000148                PROVIDE (end = .)
                [!provide]                        PROVIDE (_end = .)
                0x0000000020000348                . = (. + _Min_Heap_Size)
 *fill*         0x0000000020000148      0x200 
                0x0000000020000748                . = (. + _Min_Stack_Size)
 *fill*         0x0000000020000348      0x400 
                0x0000000020000748                . = ALIGN (0x8)

/DISCARD/
 libc.a(*)
 libm.a(*)
 libgcc.a(*)

.ARM.attributes
                0x0000000000000000       0x30
 *(.ARM.attributes)
 .ARM.attributes
                0x0000000000000000       0x22 /opt/STM32Workbench/plugins/fr.ac6.mcu.externaltools.arm-none.linux64_1.17.0.201812190825/tools/compiler/bin/../lib/gcc/arm-none-eabi/7.3.1/thumb/v7e-m/fpv4-sp/hard/crti.o
 .ARM.attributes
                0x0000000000000022       0x34 /opt/STM32Workbench/plugins/fr.ac6.mcu.externaltools.arm-none.linux64_1.17.0.201812190825/tools/compiler/bin/../lib/gcc/arm-none-eabi/7.3.1/thumb/v7e-m/fpv4-sp/hard/crtbegin.o
 .ARM.attributes
                0x0000000000000056       0x39 Core/Src/main.o
 .ARM.attributes
                0x000000000000008f       0x39 Core/Src/stm32f4xx_hal_msp.o
 .ARM.attributes
                0x00000000000000c8       0x39 Core/Src/stm32f4xx_it.o
 .ARM.attributes
                0x0000000000000101       0x39 Core/Src/syscalls.o
 .ARM.attributes
                0x000000000000013a       0x39 Core/Src/system_stm32f4xx.o
 .ARM.attributes
                0x0000000000000173       0x39 Drivers/STM32F4xx_HAL_Driver/Src/stm32f4xx_hal.o
 .ARM.attributes
                0x00000000000001ac       0x39 Drivers/STM32F4xx_HAL_Driver/Src/stm32f4xx_hal_cortex.o
 .ARM.attributes
                0x00000000000001e5       0x39 Drivers/STM32F4xx_HAL_Driver/Src/stm32f4xx_hal_crc.o
 .ARM.attributes
                0x000000000000021e       0x39 Drivers/STM32F4xx_HAL_Driver/Src/stm32f4xx_hal_gpio.o
 .ARM.attributes
                0x0000000000000257       0x39 Drivers/STM32F4xx_HAL_Driver/Src/stm32f4xx_hal_rcc.o
 .ARM.attributes
                0x0000000000000290       0x39 Drivers/STM32F4xx_HAL_Driver/Src/stm32f4xx_hal_spi.o
 .ARM.attributes
                0x00000000000002c9       0x39 Drivers/STM32F4xx_HAL_Driver/Src/stm32f4xx_hal_uart.o
 .ARM.attributes
                0x0000000000000302       0x21 startup/startup_stm32f401xe.o
 .ARM.attributes
                0x0000000000000323       0x22 /opt/STM32Workbench/plugins/fr.ac6.mcu.externaltools.arm-none.linux64_1.17.0.201812190825/tools/compiler/bin/../lib/gcc/arm-none-eabi/7.3.1/thumb/v7e-m/fpv4-sp/hard/libgcc.a(_aeabi_uldivmod.o)
 .ARM.attributes
                0x0000000000000345       0x34 /opt/STM32Workbench/plugins/fr.ac6.mcu.externaltools.arm-none.linux64_1.17.0.201812190825/tools/compiler/bin/../lib/gcc/arm-none-eabi/7.3.1/thumb/v7e-m/fpv4-sp/hard/libgcc.a(_udivmoddi4.o)
 .ARM.attributes
                0x0000000000000379       0x22 /opt/STM32Workbench/plugins/fr.ac6.mcu.externaltools.arm-none.linux64_1.17.0.201812190825/tools/compiler/bin/../lib/gcc/arm-none-eabi/7.3.1/thumb/v7e-m/fpv4-sp/hard/libgcc.a(_dvmd_tls.o)
 .ARM.attributes
                0x000000000000039b       0x34 /opt/STM32Workbench/plugins/fr.ac6.mcu.externaltools.arm-none.linux64_1.17.0.201812190825/tools/compiler/bin/../lib/gcc/arm-none-eabi/7.3.1/../../../../arm-none-eabi/lib/thumb/v7e-m/fpv4-sp/hard/libc_nano.a(lib_a-errno.o)
 .ARM.attributes
                0x00000000000003cf       0x34 /opt/STM32Workbench/plugins/fr.ac6.mcu.externaltools.arm-none.linux64_1.17.0.201812190825/tools/compiler/bin/../lib/gcc/arm-none-eabi/7.3.1/../../../../arm-none-eabi/lib/thumb/v7e-m/fpv4-sp/hard/libc_nano.a(lib_a-impure.o)
 .ARM.attributes
                0x0000000000000403       0x34 /opt/STM32Workbench/plugins/fr.ac6.mcu.externaltools.arm-none.linux64_1.17.0.201812190825/tools/compiler/bin/../lib/gcc/arm-none-eabi/7.3.1/../../../../arm-none-eabi/lib/thumb/v7e-m/fpv4-sp/hard/libc_nano.a(lib_a-init.o)
 .ARM.attributes
                0x0000000000000437       0x34 /opt/STM32Workbench/plugins/fr.ac6.mcu.externaltools.arm-none.linux64_1.17.0.201812190825/tools/compiler/bin/../lib/gcc/arm-none-eabi/7.3.1/../../../../arm-none-eabi/lib/thumb/v7e-m/fpv4-sp/hard/libc_nano.a(lib_a-memset.o)
 .ARM.attributes
                0x000000000000046b       0x34 /opt/STM32Workbench/plugins/fr.ac6.mcu.externaltools.arm-none.linux64_1.17.0.201812190825/tools/compiler/bin/../lib/gcc/arm-none-eabi/7.3.1/../../../../arm-none-eabi/lib/thumb/v7e-m/fpv4-sp/hard/libc_nano.a(lib_a-printf.o)
 .ARM.attributes
                0x000000000000049f       0x34 /opt/STM32Workbench/plugins/fr.ac6.mcu.externaltools.arm-none.linux64_1.17.0.201812190825/tools/compiler/bin/../lib/gcc/arm-none-eabi/7.3.1/../../../../arm-none-eabi/lib/thumb/v7e-m/fpv4-sp/hard/libc_nano.a(lib_a-putchar.o)
 .ARM.attributes
                0x00000000000004d3       0x34 /opt/STM32Workbench/plugins/fr.ac6.mcu.externaltools.arm-none.linux64_1.17.0.201812190825/tools/compiler/bin/../lib/gcc/arm-none-eabi/7.3.1/../../../../arm-none-eabi/lib/thumb/v7e-m/fpv4-sp/hard/libc_nano.a(lib_a-puts.o)
 .ARM.attributes
                0x0000000000000507       0x34 /opt/STM32Workbench/plugins/fr.ac6.mcu.externaltools.arm-none.linux64_1.17.0.201812190825/tools/compiler/bin/../lib/gcc/arm-none-eabi/7.3.1/../../../../arm-none-eabi/lib/thumb/v7e-m/fpv4-sp/hard/libc_nano.a(lib_a-wbuf.o)
 .ARM.attributes
                0x000000000000053b       0x34 /opt/STM32Workbench/plugins/fr.ac6.mcu.externaltools.arm-none.linux64_1.17.0.201812190825/tools/compiler/bin/../lib/gcc/arm-none-eabi/7.3.1/../../../../arm-none-eabi/lib/thumb/v7e-m/fpv4-sp/hard/libc_nano.a(lib_a-wsetup.o)
 .ARM.attributes
                0x000000000000056f       0x34 /opt/STM32Workbench/plugins/fr.ac6.mcu.externaltools.arm-none.linux64_1.17.0.201812190825/tools/compiler/bin/../lib/gcc/arm-none-eabi/7.3.1/../../../../arm-none-eabi/lib/thumb/v7e-m/fpv4-sp/hard/libc_nano.a(lib_a-fflush.o)
 .ARM.attributes
                0x00000000000005a3       0x34 /opt/STM32Workbench/plugins/fr.ac6.mcu.externaltools.arm-none.linux64_1.17.0.201812190825/tools/compiler/bin/../lib/gcc/arm-none-eabi/7.3.1/../../../../arm-none-eabi/lib/thumb/v7e-m/fpv4-sp/hard/libc_nano.a(lib_a-findfp.o)
 .ARM.attributes
                0x00000000000005d7       0x34 /opt/STM32Workbench/plugins/fr.ac6.mcu.externaltools.arm-none.linux64_1.17.0.201812190825/tools/compiler/bin/../lib/gcc/arm-none-eabi/7.3.1/../../../../arm-none-eabi/lib/thumb/v7e-m/fpv4-sp/hard/libc_nano.a(lib_a-fwalk.o)
 .ARM.attributes
                0x000000000000060b       0x34 /opt/STM32Workbench/plugins/fr.ac6.mcu.externaltools.arm-none.linux64_1.17.0.201812190825/tools/compiler/bin/../lib/gcc/arm-none-eabi/7.3.1/../../../../arm-none-eabi/lib/thumb/v7e-m/fpv4-sp/hard/libc_nano.a(lib_a-makebuf.o)
 .ARM.attributes
                0x000000000000063f       0x34 /opt/STM32Workbench/plugins/fr.ac6.mcu.externaltools.arm-none.linux64_1.17.0.201812190825/tools/compiler/bin/../lib/gcc/arm-none-eabi/7.3.1/../../../../arm-none-eabi/lib/thumb/v7e-m/fpv4-sp/hard/libc_nano.a(lib_a-nano-freer.o)
 .ARM.attributes
                0x0000000000000673       0x34 /opt/STM32Workbench/plugins/fr.ac6.mcu.externaltools.arm-none.linux64_1.17.0.201812190825/tools/compiler/bin/../lib/gcc/arm-none-eabi/7.3.1/../../../../arm-none-eabi/lib/thumb/v7e-m/fpv4-sp/hard/libc_nano.a(lib_a-nano-mallocr.o)
 .ARM.attributes
                0x00000000000006a7       0x34 /opt/STM32Workbench/plugins/fr.ac6.mcu.externaltools.arm-none.linux64_1.17.0.201812190825/tools/compiler/bin/../lib/gcc/arm-none-eabi/7.3.1/../../../../arm-none-eabi/lib/thumb/v7e-m/fpv4-sp/hard/libc_nano.a(lib_a-nano-vfprintf.o)
 .ARM.attributes
                0x00000000000006db       0x34 /opt/STM32Workbench/plugins/fr.ac6.mcu.externaltools.arm-none.linux64_1.17.0.201812190825/tools/compiler/bin/../lib/gcc/arm-none-eabi/7.3.1/../../../../arm-none-eabi/lib/thumb/v7e-m/fpv4-sp/hard/libc_nano.a(lib_a-nano-vfprintf_i.o)
 .ARM.attributes
                0x000000000000070f       0x34 /opt/STM32Workbench/plugins/fr.ac6.mcu.externaltools.arm-none.linux64_1.17.0.201812190825/tools/compiler/bin/../lib/gcc/arm-none-eabi/7.3.1/../../../../arm-none-eabi/lib/thumb/v7e-m/fpv4-sp/hard/libc_nano.a(lib_a-putc.o)
 .ARM.attributes
                0x0000000000000743       0x34 /opt/STM32Workbench/plugins/fr.ac6.mcu.externaltools.arm-none.linux64_1.17.0.201812190825/tools/compiler/bin/../lib/gcc/arm-none-eabi/7.3.1/../../../../arm-none-eabi/lib/thumb/v7e-m/fpv4-sp/hard/libc_nano.a(lib_a-sbrkr.o)
 .ARM.attributes
                0x0000000000000777       0x34 /opt/STM32Workbench/plugins/fr.ac6.mcu.externaltools.arm-none.linux64_1.17.0.201812190825/tools/compiler/bin/../lib/gcc/arm-none-eabi/7.3.1/../../../../arm-none-eabi/lib/thumb/v7e-m/fpv4-sp/hard/libc_nano.a(lib_a-stdio.o)
 .ARM.attributes
                0x00000000000007ab       0x34 /opt/STM32Workbench/plugins/fr.ac6.mcu.externaltools.arm-none.linux64_1.17.0.201812190825/tools/compiler/bin/../lib/gcc/arm-none-eabi/7.3.1/../../../../arm-none-eabi/lib/thumb/v7e-m/fpv4-sp/hard/libc_nano.a(lib_a-writer.o)
 .ARM.attributes
                0x00000000000007df       0x34 /opt/STM32Workbench/plugins/fr.ac6.mcu.externaltools.arm-none.linux64_1.17.0.201812190825/tools/compiler/bin/../lib/gcc/arm-none-eabi/7.3.1/../../../../arm-none-eabi/lib/thumb/v7e-m/fpv4-sp/hard/libc_nano.a(lib_a-closer.o)
 .ARM.attributes
                0x0000000000000813       0x34 /opt/STM32Workbench/plugins/fr.ac6.mcu.externaltools.arm-none.linux64_1.17.0.201812190825/tools/compiler/bin/../lib/gcc/arm-none-eabi/7.3.1/../../../../arm-none-eabi/lib/thumb/v7e-m/fpv4-sp/hard/libc_nano.a(lib_a-fstatr.o)
 .ARM.attributes
                0x0000000000000847       0x34 /opt/STM32Workbench/plugins/fr.ac6.mcu.externaltools.arm-none.linux64_1.17.0.201812190825/tools/compiler/bin/../lib/gcc/arm-none-eabi/7.3.1/../../../../arm-none-eabi/lib/thumb/v7e-m/fpv4-sp/hard/libc_nano.a(lib_a-isattyr.o)
 .ARM.attributes
                0x000000000000087b       0x34 /opt/STM32Workbench/plugins/fr.ac6.mcu.externaltools.arm-none.linux64_1.17.0.201812190825/tools/compiler/bin/../lib/gcc/arm-none-eabi/7.3.1/../../../../arm-none-eabi/lib/thumb/v7e-m/fpv4-sp/hard/libc_nano.a(lib_a-lseekr.o)
 .ARM.attributes
                0x00000000000008af       0x20 /opt/STM32Workbench/plugins/fr.ac6.mcu.externaltools.arm-none.linux64_1.17.0.201812190825/tools/compiler/bin/../lib/gcc/arm-none-eabi/7.3.1/../../../../arm-none-eabi/lib/thumb/v7e-m/fpv4-sp/hard/libc_nano.a(lib_a-memchr.o)
 .ARM.attributes
                0x00000000000008cf       0x34 /opt/STM32Workbench/plugins/fr.ac6.mcu.externaltools.arm-none.linux64_1.17.0.201812190825/tools/compiler/bin/../lib/gcc/arm-none-eabi/7.3.1/../../../../arm-none-eabi/lib/thumb/v7e-m/fpv4-sp/hard/libc_nano.a(lib_a-mlock.o)
 .ARM.attributes
                0x0000000000000903       0x34 /opt/STM32Workbench/plugins/fr.ac6.mcu.externaltools.arm-none.linux64_1.17.0.201812190825/tools/compiler/bin/../lib/gcc/arm-none-eabi/7.3.1/../../../../arm-none-eabi/lib/thumb/v7e-m/fpv4-sp/hard/libc_nano.a(lib_a-readr.o)
 .ARM.attributes
                0x0000000000000937       0x34 /opt/STM32Workbench/plugins/fr.ac6.mcu.externaltools.arm-none.linux64_1.17.0.201812190825/tools/compiler/bin/../lib/gcc/arm-none-eabi/7.3.1/../../../../arm-none-eabi/lib/thumb/v7e-m/fpv4-sp/hard/libc_nano.a(lib_a-reent.o)
 .ARM.attributes
                0x000000000000096b       0x22 /opt/STM32Workbench/plugins/fr.ac6.mcu.externaltools.arm-none.linux64_1.17.0.201812190825/tools/compiler/bin/../lib/gcc/arm-none-eabi/7.3.1/thumb/v7e-m/fpv4-sp/hard/crtn.o
OUTPUT(Slave_SPI_with_CRC_example.elf elf32-littlearm)

.debug_info     0x0000000000000000     0xa304
 .debug_info    0x0000000000000000     0x1a79 Core/Src/main.o
 .debug_info    0x0000000000001a79      0xe7a Core/Src/stm32f4xx_hal_msp.o
 .debug_info    0x00000000000028f3      0x223 Core/Src/stm32f4xx_it.o
 .debug_info    0x0000000000002b16      0xfd3 Core/Src/syscalls.o
 .debug_info    0x0000000000003ae9      0x583 Core/Src/system_stm32f4xx.o
 .debug_info    0x000000000000406c      0x97a Drivers/STM32F4xx_HAL_Driver/Src/stm32f4xx_hal.o
 .debug_info    0x00000000000049e6      0xef6 Drivers/STM32F4xx_HAL_Driver/Src/stm32f4xx_hal_cortex.o
 .debug_info    0x00000000000058dc      0x461 Drivers/STM32F4xx_HAL_Driver/Src/stm32f4xx_hal_crc.o
 .debug_info    0x0000000000005d3d      0x7e4 Drivers/STM32F4xx_HAL_Driver/Src/stm32f4xx_hal_gpio.o
 .debug_info    0x0000000000006521      0xab9 Drivers/STM32F4xx_HAL_Driver/Src/stm32f4xx_hal_rcc.o
 .debug_info    0x0000000000006fda     0x1bf3 Drivers/STM32F4xx_HAL_Driver/Src/stm32f4xx_hal_spi.o
 .debug_info    0x0000000000008bcd     0x1715 Drivers/STM32F4xx_HAL_Driver/Src/stm32f4xx_hal_uart.o
 .debug_info    0x000000000000a2e2       0x22 startup/startup_stm32f401xe.o

.debug_abbrev   0x0000000000000000     0x1a2d
 .debug_abbrev  0x0000000000000000      0x34e Core/Src/main.o
 .debug_abbrev  0x000000000000034e      0x1c9 Core/Src/stm32f4xx_hal_msp.o
 .debug_abbrev  0x0000000000000517       0xe4 Core/Src/stm32f4xx_it.o
 .debug_abbrev  0x00000000000005fb      0x2d4 Core/Src/syscalls.o
 .debug_abbrev  0x00000000000008cf      0x12b Core/Src/system_stm32f4xx.o
 .debug_abbrev  0x00000000000009fa      0x218 Drivers/STM32F4xx_HAL_Driver/Src/stm32f4xx_hal.o
 .debug_abbrev  0x0000000000000c12      0x328 Drivers/STM32F4xx_HAL_Driver/Src/stm32f4xx_hal_cortex.o
 .debug_abbrev  0x0000000000000f3a      0x1a7 Drivers/STM32F4xx_HAL_Driver/Src/stm32f4xx_hal_crc.o
 .debug_abbrev  0x00000000000010e1      0x1e7 Drivers/STM32F4xx_HAL_Driver/Src/stm32f4xx_hal_gpio.o
 .debug_abbrev  0x00000000000012c8      0x273 Drivers/STM32F4xx_HAL_Driver/Src/stm32f4xx_hal_rcc.o
 .debug_abbrev  0x000000000000153b      0x249 Drivers/STM32F4xx_HAL_Driver/Src/stm32f4xx_hal_spi.o
 .debug_abbrev  0x0000000000001784      0x297 Drivers/STM32F4xx_HAL_Driver/Src/stm32f4xx_hal_uart.o
 .debug_abbrev  0x0000000000001a1b       0x12 startup/startup_stm32f401xe.o

.debug_loc      0x0000000000000000     0x4805
 .debug_loc     0x0000000000000000      0x105 Core/Src/main.o
 .debug_loc     0x0000000000000105       0xe8 Core/Src/stm32f4xx_hal_msp.o
 .debug_loc     0x00000000000001ed      0x3af Core/Src/syscalls.o
 .debug_loc     0x000000000000059c      0x13e Core/Src/system_stm32f4xx.o
 .debug_loc     0x00000000000006da      0x11b Drivers/STM32F4xx_HAL_Driver/Src/stm32f4xx_hal.o
 .debug_loc     0x00000000000007f5      0x5ce Drivers/STM32F4xx_HAL_Driver/Src/stm32f4xx_hal_cortex.o
 .debug_loc     0x0000000000000dc3      0x21b Drivers/STM32F4xx_HAL_Driver/Src/stm32f4xx_hal_crc.o
 .debug_loc     0x0000000000000fde      0x476 Drivers/STM32F4xx_HAL_Driver/Src/stm32f4xx_hal_gpio.o
 .debug_loc     0x0000000000001454      0x40f Drivers/STM32F4xx_HAL_Driver/Src/stm32f4xx_hal_rcc.o
 .debug_loc     0x0000000000001863     0x1a09 Drivers/STM32F4xx_HAL_Driver/Src/stm32f4xx_hal_spi.o
 .debug_loc     0x000000000000326c     0x1599 Drivers/STM32F4xx_HAL_Driver/Src/stm32f4xx_hal_uart.o

.debug_aranges  0x0000000000000000      0x878
 .debug_aranges
                0x0000000000000000       0x60 Core/Src/main.o
 .debug_aranges
                0x0000000000000060       0x50 Core/Src/stm32f4xx_hal_msp.o
 .debug_aranges
                0x00000000000000b0       0x60 Core/Src/stm32f4xx_it.o
 .debug_aranges
                0x0000000000000110       0xb0 Core/Src/syscalls.o
 .debug_aranges
                0x00000000000001c0       0x28 Core/Src/system_stm32f4xx.o
 .debug_aranges
                0x00000000000001e8       0xf0 Drivers/STM32F4xx_HAL_Driver/Src/stm32f4xx_hal.o
 .debug_aranges
                0x00000000000002d8       0xa8 Drivers/STM32F4xx_HAL_Driver/Src/stm32f4xx_hal_cortex.o
 .debug_aranges
                0x0000000000000380       0x50 Drivers/STM32F4xx_HAL_Driver/Src/stm32f4xx_hal_crc.o
 .debug_aranges
                0x00000000000003d0       0x58 Drivers/STM32F4xx_HAL_Driver/Src/stm32f4xx_hal_gpio.o
 .debug_aranges
                0x0000000000000428       0x88 Drivers/STM32F4xx_HAL_Driver/Src/stm32f4xx_hal_rcc.o
 .debug_aranges
                0x00000000000004b0      0x1d0 Drivers/STM32F4xx_HAL_Driver/Src/stm32f4xx_hal_spi.o
 .debug_aranges
                0x0000000000000680      0x1d0 Drivers/STM32F4xx_HAL_Driver/Src/stm32f4xx_hal_uart.o
 .debug_aranges
                0x0000000000000850       0x28 startup/startup_stm32f401xe.o

.debug_ranges   0x0000000000000000      0x840
 .debug_ranges  0x0000000000000000       0x68 Core/Src/main.o
 .debug_ranges  0x0000000000000068       0x40 Core/Src/stm32f4xx_hal_msp.o
 .debug_ranges  0x00000000000000a8       0x50 Core/Src/stm32f4xx_it.o
 .debug_ranges  0x00000000000000f8       0xa0 Core/Src/syscalls.o
 .debug_ranges  0x0000000000000198       0x18 Core/Src/system_stm32f4xx.o
 .debug_ranges  0x00000000000001b0       0xe0 Drivers/STM32F4xx_HAL_Driver/Src/stm32f4xx_hal.o
 .debug_ranges  0x0000000000000290       0xf8 Drivers/STM32F4xx_HAL_Driver/Src/stm32f4xx_hal_cortex.o
 .debug_ranges  0x0000000000000388       0x40 Drivers/STM32F4xx_HAL_Driver/Src/stm32f4xx_hal_crc.o
 .debug_ranges  0x00000000000003c8       0x48 Drivers/STM32F4xx_HAL_Driver/Src/stm32f4xx_hal_gpio.o
 .debug_ranges  0x0000000000000410       0x90 Drivers/STM32F4xx_HAL_Driver/Src/stm32f4xx_hal_rcc.o
 .debug_ranges  0x00000000000004a0      0x1c0 Drivers/STM32F4xx_HAL_Driver/Src/stm32f4xx_hal_spi.o
 .debug_ranges  0x0000000000000660      0x1c0 Drivers/STM32F4xx_HAL_Driver/Src/stm32f4xx_hal_uart.o
 .debug_ranges  0x0000000000000820       0x20 startup/startup_stm32f401xe.o

.debug_macro    0x0000000000000000    0x16599
 .debug_macro   0x0000000000000000      0x333 Core/Src/main.o
 .debug_macro   0x0000000000000333      0xa54 Core/Src/main.o
 .debug_macro   0x0000000000000d87      0x29a Core/Src/main.o
 .debug_macro   0x0000000000001021       0x2e Core/Src/main.o
 .debug_macro   0x000000000000104f       0x28 Core/Src/main.o
 .debug_macro   0x0000000000001077       0x22 Core/Src/main.o
 .debug_macro   0x0000000000001099       0x8e Core/Src/main.o
 .debug_macro   0x0000000000001127       0x51 Core/Src/main.o
 .debug_macro   0x0000000000001178       0xef Core/Src/main.o
 .debug_macro   0x0000000000001267       0x6a Core/Src/main.o
 .debug_macro   0x00000000000012d1      0x1df Core/Src/main.o
 .debug_macro   0x00000000000014b0       0x1c Core/Src/main.o
 .debug_macro   0x00000000000014cc       0x22 Core/Src/main.o
 .debug_macro   0x00000000000014ee       0xdf Core/Src/main.o
 .debug_macro   0x00000000000015cd     0x102d Core/Src/main.o
 .debug_macro   0x00000000000025fa      0x11f Core/Src/main.o
 .debug_macro   0x0000000000002719     0xb850 Core/Src/main.o
 .debug_macro   0x000000000000df69       0x43 Core/Src/main.o
 .debug_macro   0x000000000000dfac     0x3659 Core/Src/main.o
 .debug_macro   0x0000000000011605      0x174 Core/Src/main.o
 .debug_macro   0x0000000000011779       0x5a Core/Src/main.o
 .debug_macro   0x00000000000117d3      0x416 Core/Src/main.o
 .debug_macro   0x0000000000011be9      0x9fe Core/Src/main.o
 .debug_macro   0x00000000000125e7      0x117 Core/Src/main.o
 .debug_macro   0x00000000000126fe       0xf8 Core/Src/main.o
 .debug_macro   0x00000000000127f6       0x27 Core/Src/main.o
 .debug_macro   0x000000000001281d      0x15f Core/Src/main.o
 .debug_macro   0x000000000001297c      0x287 Core/Src/main.o
 .debug_macro   0x0000000000012c03       0x5f Core/Src/main.o
 .debug_macro   0x0000000000012c62      0x236 Core/Src/main.o
 .debug_macro   0x0000000000012e98       0x22 Core/Src/main.o
 .debug_macro   0x0000000000012eba      0x132 Core/Src/main.o
 .debug_macro   0x0000000000012fec      0x264 Core/Src/main.o
 .debug_macro   0x0000000000013250       0x2e Core/Src/main.o
 .debug_macro   0x000000000001327e      0x11a Core/Src/main.o
 .debug_macro   0x0000000000013398       0x85 Core/Src/main.o
 .debug_macro   0x000000000001341d       0x89 Core/Src/main.o
 .debug_macro   0x00000000000134a6      0x225 Core/Src/main.o
 .debug_macro   0x00000000000136cb      0x287 Core/Src/main.o
 .debug_macro   0x0000000000013952      0x126 Core/Src/main.o
 .debug_macro   0x0000000000013a78       0x58 Core/Src/main.o
 .debug_macro   0x0000000000013ad0       0x5e Core/Src/main.o
 .debug_macro   0x0000000000013b2e       0x18 Core/Src/main.o
 .debug_macro   0x0000000000013b46       0x35 Core/Src/main.o
 .debug_macro   0x0000000000013b7b       0x34 Core/Src/main.o
 .debug_macro   0x0000000000013baf       0x16 Core/Src/main.o
 .debug_macro   0x0000000000013bc5       0x35 Core/Src/main.o
 .debug_macro   0x0000000000013bfa      0x32a Core/Src/main.o
 .debug_macro   0x0000000000013f24       0x10 Core/Src/main.o
 .debug_macro   0x0000000000013f34       0x58 Core/Src/main.o
 .debug_macro   0x0000000000013f8c       0x1f Core/Src/main.o
 .debug_macro   0x0000000000013fab       0x43 Core/Src/main.o
 .debug_macro   0x0000000000013fee       0x20 Core/Src/main.o
 .debug_macro   0x000000000001400e      0x18e Core/Src/main.o
 .debug_macro   0x000000000001419c       0x10 Core/Src/main.o
 .debug_macro   0x00000000000141ac       0x1c Core/Src/main.o
 .debug_macro   0x00000000000141c8       0x52 Core/Src/main.o
 .debug_macro   0x000000000001421a       0x40 Core/Src/main.o
 .debug_macro   0x000000000001425a       0x10 Core/Src/main.o
 .debug_macro   0x000000000001426a       0x40 Core/Src/main.o
 .debug_macro   0x00000000000142aa       0xd7 Core/Src/main.o
 .debug_macro   0x0000000000014381       0x1c Core/Src/main.o
 .debug_macro   0x000000000001439d       0x3d Core/Src/main.o
 .debug_macro   0x00000000000143da       0x16 Core/Src/main.o
 .debug_macro   0x00000000000143f0      0x16f Core/Src/main.o
 .debug_macro   0x000000000001455f      0x1dd Core/Src/stm32f4xx_hal_msp.o
 .debug_macro   0x000000000001473c      0x1e7 Core/Src/stm32f4xx_it.o
 .debug_macro   0x0000000000014923      0x243 Core/Src/syscalls.o
 .debug_macro   0x0000000000014b66       0x58 Core/Src/syscalls.o
 .debug_macro   0x0000000000014bbe       0x94 Core/Src/syscalls.o
 .debug_macro   0x0000000000014c52       0x57 Core/Src/syscalls.o
 .debug_macro   0x0000000000014ca9      0x330 Core/Src/syscalls.o
 .debug_macro   0x0000000000014fd9       0x10 Core/Src/syscalls.o
 .debug_macro   0x0000000000014fe9       0x10 Core/Src/syscalls.o
 .debug_macro   0x0000000000014ff9       0x10 Core/Src/syscalls.o
 .debug_macro   0x0000000000015009       0x35 Core/Src/syscalls.o
 .debug_macro   0x000000000001503e      0x122 Core/Src/syscalls.o
 .debug_macro   0x0000000000015160       0x16 Core/Src/syscalls.o
 .debug_macro   0x0000000000015176       0x16 Core/Src/syscalls.o
 .debug_macro   0x000000000001518c       0x29 Core/Src/syscalls.o
 .debug_macro   0x00000000000151b5       0x10 Core/Src/syscalls.o
 .debug_macro   0x00000000000151c5      0x241 Core/Src/syscalls.o
 .debug_macro   0x0000000000015406       0x1c Core/Src/syscalls.o
 .debug_macro   0x0000000000015422       0x10 Core/Src/syscalls.o
 .debug_macro   0x0000000000015432      0x189 Core/Src/syscalls.o
 .debug_macro   0x00000000000155bb       0x16 Core/Src/syscalls.o
 .debug_macro   0x00000000000155d1       0x88 Core/Src/syscalls.o
 .debug_macro   0x0000000000015659      0x1d4 Core/Src/system_stm32f4xx.o
 .debug_macro   0x000000000001582d      0x22e Drivers/STM32F4xx_HAL_Driver/Src/stm32f4xx_hal.o
 .debug_macro   0x0000000000015a5b      0x1ce Drivers/STM32F4xx_HAL_Driver/Src/stm32f4xx_hal_cortex.o
 .debug_macro   0x0000000000015c29      0x1ce Drivers/STM32F4xx_HAL_Driver/Src/stm32f4xx_hal_crc.o
 .debug_macro   0x0000000000015df7      0x204 Drivers/STM32F4xx_HAL_Driver/Src/stm32f4xx_hal_gpio.o
 .debug_macro   0x0000000000015ffb      0x1f2 Drivers/STM32F4xx_HAL_Driver/Src/stm32f4xx_hal_rcc.o
 .debug_macro   0x00000000000161ed      0x1dd Drivers/STM32F4xx_HAL_Driver/Src/stm32f4xx_hal_spi.o
 .debug_macro   0x00000000000163ca      0x1cf Drivers/STM32F4xx_HAL_Driver/Src/stm32f4xx_hal_uart.o

.debug_line     0x0000000000000000     0x735d
 .debug_line    0x0000000000000000      0x927 Core/Src/main.o
 .debug_line    0x0000000000000927      0x7a1 Core/Src/stm32f4xx_hal_msp.o
 .debug_line    0x00000000000010c8      0x78d Core/Src/stm32f4xx_it.o
 .debug_line    0x0000000000001855      0x5d2 Core/Src/syscalls.o
 .debug_line    0x0000000000001e27      0x71e Core/Src/system_stm32f4xx.o
 .debug_line    0x0000000000002545      0x8fb Drivers/STM32F4xx_HAL_Driver/Src/stm32f4xx_hal.o
 .debug_line    0x0000000000002e40      0x94d Drivers/STM32F4xx_HAL_Driver/Src/stm32f4xx_hal_cortex.o
 .debug_line    0x000000000000378d      0x7c6 Drivers/STM32F4xx_HAL_Driver/Src/stm32f4xx_hal_crc.o
 .debug_line    0x0000000000003f53      0x865 Drivers/STM32F4xx_HAL_Driver/Src/stm32f4xx_hal_gpio.o
 .debug_line    0x00000000000047b8      0x98e Drivers/STM32F4xx_HAL_Driver/Src/stm32f4xx_hal_rcc.o
 .debug_line    0x0000000000005146     0x114f Drivers/STM32F4xx_HAL_Driver/Src/stm32f4xx_hal_spi.o
 .debug_line    0x0000000000006295     0x104a Drivers/STM32F4xx_HAL_Driver/Src/stm32f4xx_hal_uart.o
 .debug_line    0x00000000000072df       0x7e startup/startup_stm32f401xe.o

.debug_str      0x0000000000000000    0x8713c
 .debug_str     0x0000000000000000    0x84100 Core/Src/main.o
                                      0x8447e (size before relaxing)
 .debug_str     0x0000000000084100       0xcc Core/Src/stm32f4xx_hal_msp.o
                                      0x804c8 (size before relaxing)
 .debug_str     0x00000000000841cc       0xc9 Core/Src/stm32f4xx_it.o
                                      0x7fd03 (size before relaxing)
 .debug_str     0x0000000000084295     0x1226 Core/Src/syscalls.o
                                       0x85ab (size before relaxing)
 .debug_str     0x00000000000854bb       0xc4 Core/Src/system_stm32f4xx.o
                                      0x7fcdc (size before relaxing)
 .debug_str     0x000000000008557f      0x91d Drivers/STM32F4xx_HAL_Driver/Src/stm32f4xx_hal.o
                                      0x8068c (size before relaxing)
 .debug_str     0x0000000000085e9c      0x354 Drivers/STM32F4xx_HAL_Driver/Src/stm32f4xx_hal_cortex.o
                                      0x80424 (size before relaxing)
 .debug_str     0x00000000000861f0       0x9d Drivers/STM32F4xx_HAL_Driver/Src/stm32f4xx_hal_crc.o
                                      0x7fd0f (size before relaxing)
 .debug_str     0x000000000008628d      0x1d7 Drivers/STM32F4xx_HAL_Driver/Src/stm32f4xx_hal_gpio.o
                                      0x7ff1b (size before relaxing)
 .debug_str     0x0000000000086464      0x233 Drivers/STM32F4xx_HAL_Driver/Src/stm32f4xx_hal_rcc.o
                                      0x800f0 (size before relaxing)
 .debug_str     0x0000000000086697      0x578 Drivers/STM32F4xx_HAL_Driver/Src/stm32f4xx_hal_spi.o
                                      0x80574 (size before relaxing)
 .debug_str     0x0000000000086c0f      0x4fe Drivers/STM32F4xx_HAL_Driver/Src/stm32f4xx_hal_uart.o
                                      0x8058d (size before relaxing)
 .debug_str     0x000000000008710d       0x2f startup/startup_stm32f401xe.o
                                         0x6b (size before relaxing)

.comment        0x0000000000000000       0x7f
 .comment       0x0000000000000000       0x7f Core/Src/main.o
                                         0x80 (size before relaxing)
 .comment       0x000000000000007f       0x80 Core/Src/stm32f4xx_hal_msp.o
 .comment       0x000000000000007f       0x80 Core/Src/stm32f4xx_it.o
 .comment       0x000000000000007f       0x80 Core/Src/syscalls.o
 .comment       0x000000000000007f       0x80 Core/Src/system_stm32f4xx.o
 .comment       0x000000000000007f       0x80 Drivers/STM32F4xx_HAL_Driver/Src/stm32f4xx_hal.o
 .comment       0x000000000000007f       0x80 Drivers/STM32F4xx_HAL_Driver/Src/stm32f4xx_hal_cortex.o
 .comment       0x000000000000007f       0x80 Drivers/STM32F4xx_HAL_Driver/Src/stm32f4xx_hal_crc.o
 .comment       0x000000000000007f       0x80 Drivers/STM32F4xx_HAL_Driver/Src/stm32f4xx_hal_gpio.o
 .comment       0x000000000000007f       0x80 Drivers/STM32F4xx_HAL_Driver/Src/stm32f4xx_hal_rcc.o
 .comment       0x000000000000007f       0x80 Drivers/STM32F4xx_HAL_Driver/Src/stm32f4xx_hal_spi.o
 .comment       0x000000000000007f       0x80 Drivers/STM32F4xx_HAL_Driver/Src/stm32f4xx_hal_uart.o

.debug_frame    0x0000000000000000     0x1da8
 .debug_frame   0x0000000000000000      0x100 Core/Src/main.o
 .debug_frame   0x0000000000000100       0xcc Core/Src/stm32f4xx_hal_msp.o
 .debug_frame   0x00000000000001cc       0xa8 Core/Src/stm32f4xx_it.o
 .debug_frame   0x0000000000000274      0x1a8 Core/Src/syscalls.o
 .debug_frame   0x000000000000041c       0x30 Core/Src/system_stm32f4xx.o
 .debug_frame   0x000000000000044c      0x1ec Drivers/STM32F4xx_HAL_Driver/Src/stm32f4xx_hal.o
 .debug_frame   0x0000000000000638      0x15c Drivers/STM32F4xx_HAL_Driver/Src/stm32f4xx_hal_cortex.o
 .debug_frame   0x0000000000000794       0xc4 Drivers/STM32F4xx_HAL_Driver/Src/stm32f4xx_hal_crc.o
 .debug_frame   0x0000000000000858       0xd8 Drivers/STM32F4xx_HAL_Driver/Src/stm32f4xx_hal_gpio.o
 .debug_frame   0x0000000000000930      0x184 Drivers/STM32F4xx_HAL_Driver/Src/stm32f4xx_hal_rcc.o
 .debug_frame   0x0000000000000ab4      0x594 Drivers/STM32F4xx_HAL_Driver/Src/stm32f4xx_hal_spi.o
 .debug_frame   0x0000000000001048      0x4f0 Drivers/STM32F4xx_HAL_Driver/Src/stm32f4xx_hal_uart.o
 .debug_frame   0x0000000000001538       0x2c /opt/STM32Workbench/plugins/fr.ac6.mcu.externaltools.arm-none.linux64_1.17.0.201812190825/tools/compiler/bin/../lib/gcc/arm-none-eabi/7.3.1/thumb/v7e-m/fpv4-sp/hard/libgcc.a(_aeabi_uldivmod.o)
 .debug_frame   0x0000000000001564       0x34 /opt/STM32Workbench/plugins/fr.ac6.mcu.externaltools.arm-none.linux64_1.17.0.201812190825/tools/compiler/bin/../lib/gcc/arm-none-eabi/7.3.1/thumb/v7e-m/fpv4-sp/hard/libgcc.a(_udivmoddi4.o)
 .debug_frame   0x0000000000001598       0x20 /opt/STM32Workbench/plugins/fr.ac6.mcu.externaltools.arm-none.linux64_1.17.0.201812190825/tools/compiler/bin/../lib/gcc/arm-none-eabi/7.3.1/../../../../arm-none-eabi/lib/thumb/v7e-m/fpv4-sp/hard/libc_nano.a(lib_a-errno.o)
 .debug_frame   0x00000000000015b8       0x2c /opt/STM32Workbench/plugins/fr.ac6.mcu.externaltools.arm-none.linux64_1.17.0.201812190825/tools/compiler/bin/../lib/gcc/arm-none-eabi/7.3.1/../../../../arm-none-eabi/lib/thumb/v7e-m/fpv4-sp/hard/libc_nano.a(lib_a-init.o)
 .debug_frame   0x00000000000015e4       0x20 /opt/STM32Workbench/plugins/fr.ac6.mcu.externaltools.arm-none.linux64_1.17.0.201812190825/tools/compiler/bin/../lib/gcc/arm-none-eabi/7.3.1/../../../../arm-none-eabi/lib/thumb/v7e-m/fpv4-sp/hard/libc_nano.a(lib_a-memset.o)
 .debug_frame   0x0000000000001604       0x74 /opt/STM32Workbench/plugins/fr.ac6.mcu.externaltools.arm-none.linux64_1.17.0.201812190825/tools/compiler/bin/../lib/gcc/arm-none-eabi/7.3.1/../../../../arm-none-eabi/lib/thumb/v7e-m/fpv4-sp/hard/libc_nano.a(lib_a-printf.o)
 .debug_frame   0x0000000000001678       0x58 /opt/STM32Workbench/plugins/fr.ac6.mcu.externaltools.arm-none.linux64_1.17.0.201812190825/tools/compiler/bin/../lib/gcc/arm-none-eabi/7.3.1/../../../../arm-none-eabi/lib/thumb/v7e-m/fpv4-sp/hard/libc_nano.a(lib_a-putchar.o)
 .debug_frame   0x00000000000016d0       0x3c /opt/STM32Workbench/plugins/fr.ac6.mcu.externaltools.arm-none.linux64_1.17.0.201812190825/tools/compiler/bin/../lib/gcc/arm-none-eabi/7.3.1/../../../../arm-none-eabi/lib/thumb/v7e-m/fpv4-sp/hard/libc_nano.a(lib_a-puts.o)
 .debug_frame   0x000000000000170c       0x40 /opt/STM32Workbench/plugins/fr.ac6.mcu.externaltools.arm-none.linux64_1.17.0.201812190825/tools/compiler/bin/../lib/gcc/arm-none-eabi/7.3.1/../../../../arm-none-eabi/lib/thumb/v7e-m/fpv4-sp/hard/libc_nano.a(lib_a-wbuf.o)
 .debug_frame   0x000000000000174c       0x2c /opt/STM32Workbench/plugins/fr.ac6.mcu.externaltools.arm-none.linux64_1.17.0.201812190825/tools/compiler/bin/../lib/gcc/arm-none-eabi/7.3.1/../../../../arm-none-eabi/lib/thumb/v7e-m/fpv4-sp/hard/libc_nano.a(lib_a-wsetup.o)
 .debug_frame   0x0000000000001778       0x68 /opt/STM32Workbench/plugins/fr.ac6.mcu.externaltools.arm-none.linux64_1.17.0.201812190825/tools/compiler/bin/../lib/gcc/arm-none-eabi/7.3.1/../../../../arm-none-eabi/lib/thumb/v7e-m/fpv4-sp/hard/libc_nano.a(lib_a-fflush.o)
 .debug_frame   0x00000000000017e0      0x11c /opt/STM32Workbench/plugins/fr.ac6.mcu.externaltools.arm-none.linux64_1.17.0.201812190825/tools/compiler/bin/../lib/gcc/arm-none-eabi/7.3.1/../../../../arm-none-eabi/lib/thumb/v7e-m/fpv4-sp/hard/libc_nano.a(lib_a-findfp.o)
 .debug_frame   0x00000000000018fc       0x54 /opt/STM32Workbench/plugins/fr.ac6.mcu.externaltools.arm-none.linux64_1.17.0.201812190825/tools/compiler/bin/../lib/gcc/arm-none-eabi/7.3.1/../../../../arm-none-eabi/lib/thumb/v7e-m/fpv4-sp/hard/libc_nano.a(lib_a-fwalk.o)
 .debug_frame   0x0000000000001950       0x58 /opt/STM32Workbench/plugins/fr.ac6.mcu.externaltools.arm-none.linux64_1.17.0.201812190825/tools/compiler/bin/../lib/gcc/arm-none-eabi/7.3.1/../../../../arm-none-eabi/lib/thumb/v7e-m/fpv4-sp/hard/libc_nano.a(lib_a-makebuf.o)
 .debug_frame   0x00000000000019a8       0x38 /opt/STM32Workbench/plugins/fr.ac6.mcu.externaltools.arm-none.linux64_1.17.0.201812190825/tools/compiler/bin/../lib/gcc/arm-none-eabi/7.3.1/../../../../arm-none-eabi/lib/thumb/v7e-m/fpv4-sp/hard/libc_nano.a(lib_a-nano-freer.o)
 .debug_frame   0x00000000000019e0       0x2c /opt/STM32Workbench/plugins/fr.ac6.mcu.externaltools.arm-none.linux64_1.17.0.201812190825/tools/compiler/bin/../lib/gcc/arm-none-eabi/7.3.1/../../../../arm-none-eabi/lib/thumb/v7e-m/fpv4-sp/hard/libc_nano.a(lib_a-nano-mallocr.o)
 .debug_frame   0x0000000000001a0c       0xac /opt/STM32Workbench/plugins/fr.ac6.mcu.externaltools.arm-none.linux64_1.17.0.201812190825/tools/compiler/bin/../lib/gcc/arm-none-eabi/7.3.1/../../../../arm-none-eabi/lib/thumb/v7e-m/fpv4-sp/hard/libc_nano.a(lib_a-nano-vfprintf.o)
 .debug_frame   0x0000000000001ab8       0x60 /opt/STM32Workbench/plugins/fr.ac6.mcu.externaltools.arm-none.linux64_1.17.0.201812190825/tools/compiler/bin/../lib/gcc/arm-none-eabi/7.3.1/../../../../arm-none-eabi/lib/thumb/v7e-m/fpv4-sp/hard/libc_nano.a(lib_a-nano-vfprintf_i.o)
 .debug_frame   0x0000000000001b18       0x48 /opt/STM32Workbench/plugins/fr.ac6.mcu.externaltools.arm-none.linux64_1.17.0.201812190825/tools/compiler/bin/../lib/gcc/arm-none-eabi/7.3.1/../../../../arm-none-eabi/lib/thumb/v7e-m/fpv4-sp/hard/libc_nano.a(lib_a-putc.o)
 .debug_frame   0x0000000000001b60       0x2c /opt/STM32Workbench/plugins/fr.ac6.mcu.externaltools.arm-none.linux64_1.17.0.201812190825/tools/compiler/bin/../lib/gcc/arm-none-eabi/7.3.1/../../../../arm-none-eabi/lib/thumb/v7e-m/fpv4-sp/hard/libc_nano.a(lib_a-sbrkr.o)
 .debug_frame   0x0000000000001b8c       0x88 /opt/STM32Workbench/plugins/fr.ac6.mcu.externaltools.arm-none.linux64_1.17.0.201812190825/tools/compiler/bin/../lib/gcc/arm-none-eabi/7.3.1/../../../../arm-none-eabi/lib/thumb/v7e-m/fpv4-sp/hard/libc_nano.a(lib_a-stdio.o)
 .debug_frame   0x0000000000001c14       0x2c /opt/STM32Workbench/plugins/fr.ac6.mcu.externaltools.arm-none.linux64_1.17.0.201812190825/tools/compiler/bin/../lib/gcc/arm-none-eabi/7.3.1/../../../../arm-none-eabi/lib/thumb/v7e-m/fpv4-sp/hard/libc_nano.a(lib_a-writer.o)
 .debug_frame   0x0000000000001c40       0x2c /opt/STM32Workbench/plugins/fr.ac6.mcu.externaltools.arm-none.linux64_1.17.0.201812190825/tools/compiler/bin/../lib/gcc/arm-none-eabi/7.3.1/../../../../arm-none-eabi/lib/thumb/v7e-m/fpv4-sp/hard/libc_nano.a(lib_a-closer.o)
 .debug_frame   0x0000000000001c6c       0x2c /opt/STM32Workbench/plugins/fr.ac6.mcu.externaltools.arm-none.linux64_1.17.0.201812190825/tools/compiler/bin/../lib/gcc/arm-none-eabi/7.3.1/../../../../arm-none-eabi/lib/thumb/v7e-m/fpv4-sp/hard/libc_nano.a(lib_a-fstatr.o)
 .debug_frame   0x0000000000001c98       0x2c /opt/STM32Workbench/plugins/fr.ac6.mcu.externaltools.arm-none.linux64_1.17.0.201812190825/tools/compiler/bin/../lib/gcc/arm-none-eabi/7.3.1/../../../../arm-none-eabi/lib/thumb/v7e-m/fpv4-sp/hard/libc_nano.a(lib_a-isattyr.o)
 .debug_frame   0x0000000000001cc4       0x2c /opt/STM32Workbench/plugins/fr.ac6.mcu.externaltools.arm-none.linux64_1.17.0.201812190825/tools/compiler/bin/../lib/gcc/arm-none-eabi/7.3.1/../../../../arm-none-eabi/lib/thumb/v7e-m/fpv4-sp/hard/libc_nano.a(lib_a-lseekr.o)
 .debug_frame   0x0000000000001cf0       0x30 /opt/STM32Workbench/plugins/fr.ac6.mcu.externaltools.arm-none.linux64_1.17.0.201812190825/tools/compiler/bin/../lib/gcc/arm-none-eabi/7.3.1/../../../../arm-none-eabi/lib/thumb/v7e-m/fpv4-sp/hard/libc_nano.a(lib_a-mlock.o)
 .debug_frame   0x0000000000001d20       0x2c /opt/STM32Workbench/plugins/fr.ac6.mcu.externaltools.arm-none.linux64_1.17.0.201812190825/tools/compiler/bin/../lib/gcc/arm-none-eabi/7.3.1/../../../../arm-none-eabi/lib/thumb/v7e-m/fpv4-sp/hard/libc_nano.a(lib_a-readr.o)
 .debug_frame   0x0000000000001d4c       0x5c /opt/STM32Workbench/plugins/fr.ac6.mcu.externaltools.arm-none.linux64_1.17.0.201812190825/tools/compiler/bin/../lib/gcc/arm-none-eabi/7.3.1/../../../../arm-none-eabi/lib/thumb/v7e-m/fpv4-sp/hard/libc_nano.a(lib_a-reent.o)
